Archive member included to satisfy reference by file (symbol)

d:/programs/stm32cubeide/stm32cubeide_1.0.2/stm32cubeide/plugins/com.st.stm32cube.ide.mcu.externaltools.gnu-tools-for-stm32.10.3-2021.10.win32_1.0.0.202111181127/tools/bin/../lib/gcc/arm-none-eabi/10.3.1/../../../../arm-none-eabi/lib/thumb/v7-m/nofp\libc_nano.a(lib_a-errno.o)
                              ./Core/Src/syscalls.o (__errno)
d:/programs/stm32cubeide/stm32cubeide_1.0.2/stm32cubeide/plugins/com.st.stm32cube.ide.mcu.externaltools.gnu-tools-for-stm32.10.3-2021.10.win32_1.0.0.202111181127/tools/bin/../lib/gcc/arm-none-eabi/10.3.1/../../../../arm-none-eabi/lib/thumb/v7-m/nofp\libc_nano.a(lib_a-exit.o)
                              d:/programs/stm32cubeide/stm32cubeide_1.0.2/stm32cubeide/plugins/com.st.stm32cube.ide.mcu.externaltools.gnu-tools-for-stm32.10.3-2021.10.win32_1.0.0.202111181127/tools/bin/../lib/gcc/arm-none-eabi/10.3.1/../../../../arm-none-eabi/lib/thumb/v7-m/nofp/crt0.o (exit)
d:/programs/stm32cubeide/stm32cubeide_1.0.2/stm32cubeide/plugins/com.st.stm32cube.ide.mcu.externaltools.gnu-tools-for-stm32.10.3-2021.10.win32_1.0.0.202111181127/tools/bin/../lib/gcc/arm-none-eabi/10.3.1/../../../../arm-none-eabi/lib/thumb/v7-m/nofp\libc_nano.a(lib_a-impure.o)
                              d:/programs/stm32cubeide/stm32cubeide_1.0.2/stm32cubeide/plugins/com.st.stm32cube.ide.mcu.externaltools.gnu-tools-for-stm32.10.3-2021.10.win32_1.0.0.202111181127/tools/bin/../lib/gcc/arm-none-eabi/10.3.1/../../../../arm-none-eabi/lib/thumb/v7-m/nofp\libc_nano.a(lib_a-exit.o) (_global_impure_ptr)
d:/programs/stm32cubeide/stm32cubeide_1.0.2/stm32cubeide/plugins/com.st.stm32cube.ide.mcu.externaltools.gnu-tools-for-stm32.10.3-2021.10.win32_1.0.0.202111181127/tools/bin/../lib/gcc/arm-none-eabi/10.3.1/../../../../arm-none-eabi/lib/thumb/v7-m/nofp\libc_nano.a(lib_a-init.o)
                              d:/programs/stm32cubeide/stm32cubeide_1.0.2/stm32cubeide/plugins/com.st.stm32cube.ide.mcu.externaltools.gnu-tools-for-stm32.10.3-2021.10.win32_1.0.0.202111181127/tools/bin/../lib/gcc/arm-none-eabi/10.3.1/../../../../arm-none-eabi/lib/thumb/v7-m/nofp/crt0.o (__libc_init_array)
d:/programs/stm32cubeide/stm32cubeide_1.0.2/stm32cubeide/plugins/com.st.stm32cube.ide.mcu.externaltools.gnu-tools-for-stm32.10.3-2021.10.win32_1.0.0.202111181127/tools/bin/../lib/gcc/arm-none-eabi/10.3.1/../../../../arm-none-eabi/lib/thumb/v7-m/nofp\libc_nano.a(lib_a-malloc.o)
                              ./Core/Src/LTC6811.o (malloc)
d:/programs/stm32cubeide/stm32cubeide_1.0.2/stm32cubeide/plugins/com.st.stm32cube.ide.mcu.externaltools.gnu-tools-for-stm32.10.3-2021.10.win32_1.0.0.202111181127/tools/bin/../lib/gcc/arm-none-eabi/10.3.1/../../../../arm-none-eabi/lib/thumb/v7-m/nofp\libc_nano.a(lib_a-memset.o)
                              d:/programs/stm32cubeide/stm32cubeide_1.0.2/stm32cubeide/plugins/com.st.stm32cube.ide.mcu.externaltools.gnu-tools-for-stm32.10.3-2021.10.win32_1.0.0.202111181127/tools/bin/../lib/gcc/arm-none-eabi/10.3.1/../../../../arm-none-eabi/lib/thumb/v7-m/nofp/crt0.o (memset)
d:/programs/stm32cubeide/stm32cubeide_1.0.2/stm32cubeide/plugins/com.st.stm32cube.ide.mcu.externaltools.gnu-tools-for-stm32.10.3-2021.10.win32_1.0.0.202111181127/tools/bin/../lib/gcc/arm-none-eabi/10.3.1/../../../../arm-none-eabi/lib/thumb/v7-m/nofp\libc_nano.a(lib_a-nano-freer.o)
                              d:/programs/stm32cubeide/stm32cubeide_1.0.2/stm32cubeide/plugins/com.st.stm32cube.ide.mcu.externaltools.gnu-tools-for-stm32.10.3-2021.10.win32_1.0.0.202111181127/tools/bin/../lib/gcc/arm-none-eabi/10.3.1/../../../../arm-none-eabi/lib/thumb/v7-m/nofp\libc_nano.a(lib_a-malloc.o) (_free_r)
d:/programs/stm32cubeide/stm32cubeide_1.0.2/stm32cubeide/plugins/com.st.stm32cube.ide.mcu.externaltools.gnu-tools-for-stm32.10.3-2021.10.win32_1.0.0.202111181127/tools/bin/../lib/gcc/arm-none-eabi/10.3.1/../../../../arm-none-eabi/lib/thumb/v7-m/nofp\libc_nano.a(lib_a-nano-mallocr.o)
                              d:/programs/stm32cubeide/stm32cubeide_1.0.2/stm32cubeide/plugins/com.st.stm32cube.ide.mcu.externaltools.gnu-tools-for-stm32.10.3-2021.10.win32_1.0.0.202111181127/tools/bin/../lib/gcc/arm-none-eabi/10.3.1/../../../../arm-none-eabi/lib/thumb/v7-m/nofp\libc_nano.a(lib_a-malloc.o) (_malloc_r)
d:/programs/stm32cubeide/stm32cubeide_1.0.2/stm32cubeide/plugins/com.st.stm32cube.ide.mcu.externaltools.gnu-tools-for-stm32.10.3-2021.10.win32_1.0.0.202111181127/tools/bin/../lib/gcc/arm-none-eabi/10.3.1/../../../../arm-none-eabi/lib/thumb/v7-m/nofp\libc_nano.a(lib_a-sbrkr.o)
                              d:/programs/stm32cubeide/stm32cubeide_1.0.2/stm32cubeide/plugins/com.st.stm32cube.ide.mcu.externaltools.gnu-tools-for-stm32.10.3-2021.10.win32_1.0.0.202111181127/tools/bin/../lib/gcc/arm-none-eabi/10.3.1/../../../../arm-none-eabi/lib/thumb/v7-m/nofp\libc_nano.a(lib_a-nano-mallocr.o) (_sbrk_r)
[...]
Memory Configuration

Name             Origin             Length             Attributes
RAM              0x0000000020000000 0x000000000000c000 xrw
FLASH            0x0000000008000000 0x0000000000040000 xr
*default*        0x0000000000000000 0xffffffffffffffff

Linker script and memory map

LOAD d:/programs/stm32cubeide/stm32cubeide_1.0.2/stm32cubeide/plugins/com.st.stm32cube.ide.mcu.externaltools.gnu-tools-for-stm32.10.3-2021.10.win32_1.0.0.202111181127/tools/bin/../lib/gcc/arm-none-eabi/10.3.1/thumb/v7-m/nofp/crti.o
LOAD d:/programs/stm32cubeide/stm32cubeide_1.0.2/stm32cubeide/plugins/com.st.stm32cube.ide.mcu.externaltools.gnu-tools-for-stm32.10.3-2021.10.win32_1.0.0.202111181127/tools/bin/../lib/gcc/arm-none-eabi/10.3.1/thumb/v7-m/nofp/crtbegin.o
LOAD d:/programs/stm32cubeide/stm32cubeide_1.0.2/stm32cubeide/plugins/com.st.stm32cube.ide.mcu.externaltools.gnu-tools-for-stm32.10.3-2021.10.win32_1.0.0.202111181127/tools/bin/../lib/gcc/arm-none-eabi/10.3.1/../../../../arm-none-eabi/lib/thumb/v7-m/nofp/crt0.o
LOAD ./Core/Src/Charge.o
LOAD ./Core/Src/LTC6811.o
LOAD ./Core/Src/SettingMode.o
LOAD ./Core/Src/callback.o
LOAD ./Core/Src/main.o
LOAD ./Core/Src/monitor.o
LOAD ./Core/Src/portio_BMS2.4.o
LOAD ./Core/Src/stm32f1xx_hal_msp.o
LOAD ./Core/Src/stm32f1xx_it.o
LOAD ./Core/Src/sub.o
LOAD ./Core/Src/syscalls.o
LOAD ./Core/Src/sysmem.o
LOAD ./Core/Src/system_stm32f1xx.o
LOAD ./Core/Src/warnerr.o
LOAD ./Core/Startup/startup_stm32f103rctx.o
LOAD ./Core/ThreadSafe/newlib_lock_glue.o
LOAD ./Drivers/STM32F1xx_HAL_Driver/Src/stm32f1xx_hal.o
LOAD ./Drivers/STM32F1xx_HAL_Driver/Src/stm32f1xx_hal_adc.o
LOAD ./Drivers/STM32F1xx_HAL_Driver/Src/stm32f1xx_hal_adc_ex.o
LOAD ./Drivers/STM32F1xx_HAL_Driver/Src/stm32f1xx_hal_can.o
LOAD ./Drivers/STM32F1xx_HAL_Driver/Src/stm32f1xx_hal_cortex.o
LOAD ./Drivers/STM32F1xx_HAL_Driver/Src/stm32f1xx_hal_dma.o
LOAD ./Drivers/STM32F1xx_HAL_Driver/Src/stm32f1xx_hal_exti.o
LOAD ./Drivers/STM32F1xx_HAL_Driver/Src/stm32f1xx_hal_flash.o
LOAD ./Drivers/STM32F1xx_HAL_Driver/Src/stm32f1xx_hal_flash_ex.o
LOAD ./Drivers/STM32F1xx_HAL_Driver/Src/stm32f1xx_hal_gpio.o
LOAD ./Drivers/STM32F1xx_HAL_Driver/Src/stm32f1xx_hal_gpio_ex.o
LOAD ./Drivers/STM32F1xx_HAL_Driver/Src/stm32f1xx_hal_pwr.o
LOAD ./Drivers/STM32F1xx_HAL_Driver/Src/stm32f1xx_hal_rcc.o
LOAD ./Drivers/STM32F1xx_HAL_Driver/Src/stm32f1xx_hal_rcc_ex.o
LOAD ./Drivers/STM32F1xx_HAL_Driver/Src/stm32f1xx_hal_rtc.o
LOAD ./Drivers/STM32F1xx_HAL_Driver/Src/stm32f1xx_hal_rtc_ex.o
LOAD ./Drivers/STM32F1xx_HAL_Driver/Src/stm32f1xx_hal_spi.o
LOAD ./Drivers/STM32F1xx_HAL_Driver/Src/stm32f1xx_hal_tim.o
LOAD ./Drivers/STM32F1xx_HAL_Driver/Src/stm32f1xx_hal_tim_ex.o
LOAD ./Drivers/STM32F1xx_HAL_Driver/Src/stm32f1xx_hal_uart.o
START GROUP
LOAD d:/programs/stm32cubeide/stm32cubeide_1.0.2/stm32cubeide/plugins/com.st.stm32cube.ide.mcu.externaltools.gnu-tools-for-stm32.10.3-2021.10.win32_1.0.0.202111181127/tools/bin/../lib/gcc/arm-none-eabi/10.3.1/../../../../arm-none-eabi/lib/thumb/v7-m/nofp\libc_nano.a
LOAD d:/programs/stm32cubeide/stm32cubeide_1.0.2/stm32cubeide/plugins/com.st.stm32cube.ide.mcu.externaltools.gnu-tools-for-stm32.10.3-2021.10.win32_1.0.0.202111181127/tools/bin/../lib/gcc/arm-none-eabi/10.3.1/../../../../arm-none-eabi/lib/thumb/v7-m/nofp\libm.a
END GROUP
START GROUP
LOAD d:/programs/stm32cubeide/stm32cubeide_1.0.2/stm32cubeide/plugins/com.st.stm32cube.ide.mcu.externaltools.gnu-tools-for-stm32.10.3-2021.10.win32_1.0.0.202111181127/tools/bin/../lib/gcc/arm-none-eabi/10.3.1/thumb/v7-m/nofp\libgcc.a
LOAD d:/programs/stm32cubeide/stm32cubeide_1.0.2/stm32cubeide/plugins/com.st.stm32cube.ide.mcu.externaltools.gnu-tools-for-stm32.10.3-2021.10.win32_1.0.0.202111181127/tools/bin/../lib/gcc/arm-none-eabi/10.3.1/../../../../arm-none-eabi/lib/thumb/v7-m/nofp\libc_nano.a
END GROUP
START GROUP
LOAD d:/programs/stm32cubeide/stm32cubeide_1.0.2/stm32cubeide/plugins/com.st.stm32cube.ide.mcu.externaltools.gnu-tools-for-stm32.10.3-2021.10.win32_1.0.0.202111181127/tools/bin/../lib/gcc/arm-none-eabi/10.3.1/thumb/v7-m/nofp\libgcc.a
LOAD d:/programs/stm32cubeide/stm32cubeide_1.0.2/stm32cubeide/plugins/com.st.stm32cube.ide.mcu.externaltools.gnu-tools-for-stm32.10.3-2021.10.win32_1.0.0.202111181127/tools/bin/../lib/gcc/arm-none-eabi/10.3.1/../../../../arm-none-eabi/lib/thumb/v7-m/nofp\libc_nano.a
LOAD d:/programs/stm32cubeide/stm32cubeide_1.0.2/stm32cubeide/plugins/com.st.stm32cube.ide.mcu.externaltools.gnu-tools-for-stm32.10.3-2021.10.win32_1.0.0.202111181127/tools/bin/../lib/gcc/arm-none-eabi/10.3.1/../../../../arm-none-eabi/lib/thumb/v7-m/nofp\libnosys.a
END GROUP
START GROUP
LOAD d:/programs/stm32cubeide/stm32cubeide_1.0.2/stm32cubeide/plugins/com.st.stm32cube.ide.mcu.externaltools.gnu-tools-for-stm32.10.3-2021.10.win32_1.0.0.202111181127/tools/bin/../lib/gcc/arm-none-eabi/10.3.1/thumb/v7-m/nofp\libgcc.a
LOAD d:/programs/stm32cubeide/stm32cubeide_1.0.2/stm32cubeide/plugins/com.st.stm32cube.ide.mcu.externaltools.gnu-tools-for-stm32.10.3-2021.10.win32_1.0.0.202111181127/tools/bin/../lib/gcc/arm-none-eabi/10.3.1/../../../../arm-none-eabi/lib/thumb/v7-m/nofp\libc_nano.a
LOAD d:/programs/stm32cubeide/stm32cubeide_1.0.2/stm32cubeide/plugins/com.st.stm32cube.ide.mcu.externaltools.gnu-tools-for-stm32.10.3-2021.10.win32_1.0.0.202111181127/tools/bin/../lib/gcc/arm-none-eabi/10.3.1/../../../../arm-none-eabi/lib/thumb/v7-m/nofp\libnosys.a
END GROUP
LOAD d:/programs/stm32cubeide/stm32cubeide_1.0.2/stm32cubeide/plugins/com.st.stm32cube.ide.mcu.externaltools.gnu-tools-for-stm32.10.3-2021.10.win32_1.0.0.202111181127/tools/bin/../lib/gcc/arm-none-eabi/10.3.1/thumb/v7-m/nofp/crtend.o
LOAD d:/programs/stm32cubeide/stm32cubeide_1.0.2/stm32cubeide/plugins/com.st.stm32cube.ide.mcu.externaltools.gnu-tools-for-stm32.10.3-2021.10.win32_1.0.0.202111181127/tools/bin/../lib/gcc/arm-none-eabi/10.3.1/thumb/v7-m/nofp/crtn.o
                0x000000002000c000                _estack = (ORIGIN (RAM) + LENGTH (RAM))
                0x0000000000000200                _Min_Heap_Size = 0x200
                0x0000000000000400                _Min_Stack_Size = 0x400

.isr_vector     0x0000000008000000      0x1e4
                0x0000000008000000                . = ALIGN (0x4)
 *(.isr_vector)
 .isr_vector    0x0000000008000000      0x1e4 ./Core/Startup/startup_stm32f103rctx.o
                0x0000000008000000                g_pfnVectors
                0x00000000080001e4                . = ALIGN (0x4)

.text           0x00000000080001e4     0xafcc
                0x00000000080001e4                . = ALIGN (0x4)
 *(.text)
 .text          0x00000000080001e4       0x40 d:/programs/stm32cubeide/stm32cubeide_1.0.2/stm32cubeide/plugins/com.st.stm32cube.ide.mcu.externaltools.gnu-tools-for-stm32.10.3-2021.10.win32_1.0.0.202111181127/tools/bin/../lib/gcc/arm-none-eabi/10.3.1/thumb/v7-m/nofp/crtbegin.o
 .text          0x0000000008000224       0x10 d:/programs/stm32cubeide/stm32cubeide_1.0.2/stm32cubeide/plugins/com.st.stm32cube.ide.mcu.externaltools.gnu-tools-for-stm32.10.3-2021.10.win32_1.0.0.202111181127/tools/bin/../lib/gcc/arm-none-eabi/10.3.1/../../../../arm-none-eabi/lib/thumb/v7-m/nofp\libc_nano.a(lib_a-strlen.o)
                0x0000000008000224                strlen
 *(.text*)
 .text.ChargeProcess
                0x0000000008000234      0x204 ./Core/Src/Charge.o
                0x0000000008000234                ChargeProcess
 .text.LTC6811_init_reg_limits
                0x0000000008000438       0xb4 ./Core/Src/LTC6811.o
                0x0000000008000438                LTC6811_init_reg_limits
 .text.wakeup_idle
                0x00000000080004ec       0x2c ./Core/Src/LTC6811.o
                0x00000000080004ec                wakeup_idle
 .text.wakeup_sleep
                0x0000000008000518       0x2c ./Core/Src/LTC6811.o
                0x0000000008000518                wakeup_sleep
 .text.cmd_68   0x0000000008000544       0x54 ./Core/Src/LTC6811.o
                0x0000000008000544                cmd_68
 .text.write_68
                0x0000000008000598      0x10e ./Core/Src/LTC6811.o
                0x0000000008000598                write_68
 *fill*         0x00000000080006a6        0x2 
 .text.pec15_calc
                0x00000000080006a8       0x68 ./Core/Src/LTC6811.o
                0x00000000080006a8                pec15_calc
 .text.LTC6811_adcvax
                0x0000000008000710       0x5c ./Core/Src/LTC6811.o
                0x0000000008000710                LTC6811_adcvax
 .text.LTC6811_adax
                0x000000000800076c       0x4a ./Core/Src/LTC6811.o
                0x000000000800076c                LTC6811_adax
 .text.LTC6811_rdcv_reg
                0x00000000080007b6       0xb4 ./Core/Src/LTC6811.o
                0x00000000080007b6                LTC6811_rdcv_reg
 .text.parse_cells
                0x000000000800086a       0xe2 ./Core/Src/LTC6811.o
                0x000000000800086a                parse_cells
 .text.LTC6811_rdaux_reg
                0x000000000800094c       0x9e ./Core/Src/LTC6811.o
                0x000000000800094c                LTC6811_rdaux_reg
 .text.LTC6811_rdcv
                0x00000000080009ea      0x15c ./Core/Src/LTC6811.o
                0x00000000080009ea                LTC6811_rdcv
 .text.LTC6811_rdaux
                0x0000000008000b46      0x146 ./Core/Src/LTC6811.o
                0x0000000008000b46                LTC6811_rdaux
 .text.LTC6811_wrcfg
                0x0000000008000c8c       0xd2 ./Core/Src/LTC6811.o
                0x0000000008000c8c                LTC6811_wrcfg
 *fill*         0x0000000008000d5e        0x2 
 .text.LTC6811_check_pec
                0x0000000008000d60      0x3bc ./Core/Src/LTC6811.o
                0x0000000008000d60                LTC6811_check_pec
 .text.LTC6811_reset_crc_count
                0x000000000800111c       0xdc ./Core/Src/LTC6811.o
                0x000000000800111c                LTC6811_reset_crc_count
 .text.LTC6811_init_cfg
                0x00000000080011f8       0xc4 ./Core/Src/LTC6811.o
                0x00000000080011f8                LTC6811_init_cfg
 .text.LTC6811_set_cfgr_refon
                0x00000000080012bc       0x76 ./Core/Src/LTC6811.o
                0x00000000080012bc                LTC6811_set_cfgr_refon
 .text.LTC6811_set_cfgr_adcopt
                0x0000000008001332       0x76 ./Core/Src/LTC6811.o
                0x0000000008001332                LTC6811_set_cfgr_adcopt
 .text.LTC6811_set_cfgr_gpio
                0x00000000080013a8       0xae ./Core/Src/LTC6811.o
                0x00000000080013a8                LTC6811_set_cfgr_gpio
 .text.LTC6811_set_cfgr_dis
                0x0000000008001456      0x13c ./Core/Src/LTC6811.o
                0x0000000008001456                LTC6811_set_cfgr_dis
 *fill*         0x0000000008001592        0x2 
 .text.WriteToFlash
                0x0000000008001594      0x2d0 ./Core/Src/SettingMode.o
                0x0000000008001594                WriteToFlash
 .text.ReadFromFlash
                0x0000000008001864       0x90 ./Core/Src/SettingMode.o
                0x0000000008001864                ReadFromFlash
 .text.SettingMode
                0x00000000080018f4      0xca0 ./Core/Src/SettingMode.o
                0x00000000080018f4                SettingMode
 .text.SetDefault
                0x0000000008002594       0xa4 ./Core/Src/SettingMode.o
                0x0000000008002594                SetDefault
 .text.ValueAssign
                0x0000000008002638      0x350 ./Core/Src/SettingMode.o
                0x0000000008002638                ValueAssign
 .text.BCDtoDEC
                0x0000000008002988       0x50 ./Core/Src/SettingMode.o
                0x0000000008002988                BCDtoDEC
 .text.DECtoBCD
                0x00000000080029d8       0x4c ./Core/Src/SettingMode.o
                0x00000000080029d8                DECtoBCD
 .text.TimeUpdate
                0x0000000008002a24       0x28 ./Core/Src/SettingMode.o
                0x0000000008002a24                TimeUpdate
 .text.Errorlog
                0x0000000008002a4c       0x68 ./Core/Src/SettingMode.o
                0x0000000008002a4c                Errorlog
 .text.ErrValueAssign
                0x0000000008002ab4      0x310 ./Core/Src/SettingMode.o
                0x0000000008002ab4                ErrValueAssign
 .text.ErrorDisplay
                0x0000000008002dc4      0x2d0 ./Core/Src/SettingMode.o
                0x0000000008002dc4                ErrorDisplay
 .text.HAL_CAN_RxFifo0MsgPendingCallback
                0x0000000008003094      0x1b0 ./Core/Src/callback.o
                0x0000000008003094                HAL_CAN_RxFifo0MsgPendingCallback
 .text.main     0x0000000008003244       0xe8 ./Core/Src/main.o
                0x0000000008003244                main
 .text.SystemClock_Config
                0x000000000800332c       0xbc ./Core/Src/main.o
                0x000000000800332c                SystemClock_Config
 .text.MX_ADC1_Init
                0x00000000080033e8       0x7c ./Core/Src/main.o
 .text.MX_CAN_Init
                0x0000000008003464       0xd4 ./Core/Src/main.o
 .text.MX_RTC_Init
                0x0000000008003538       0x38 ./Core/Src/main.o
 .text.MX_SPI1_Init
                0x0000000008003570       0x6c ./Core/Src/main.o
 .text.MX_SPI2_Init
                0x00000000080035dc       0x6c ./Core/Src/main.o
 .text.MX_USART1_UART_Init
                0x0000000008003648       0x54 ./Core/Src/main.o
 .text.MX_DMA_Init
                0x000000000800369c       0x3c ./Core/Src/main.o
 .text.MX_GPIO_Init
                0x00000000080036d8      0x17c ./Core/Src/main.o
 .text.Error_Handler
                0x0000000008003854        0xc ./Core/Src/main.o
                0x0000000008003854                Error_Handler
 .text.Read_IGN
                0x0000000008003860      0x170 ./Core/Src/portio_BMS2.4.o
                0x0000000008003860                Read_IGN
 .text.Write_Port_Output
                0x00000000080039d0      0x1c8 ./Core/Src/portio_BMS2.4.o
                0x00000000080039d0                Write_Port_Output
 .text.HAL_MspInit
                0x0000000008003b98       0x64 ./Core/Src/stm32f1xx_hal_msp.o
                0x0000000008003b98                HAL_MspInit
 .text.HAL_ADC_MspInit
                0x0000000008003bfc       0xd0 ./Core/Src/stm32f1xx_hal_msp.o
                0x0000000008003bfc                HAL_ADC_MspInit
 .text.HAL_CAN_MspInit
                0x0000000008003ccc       0xa8 ./Core/Src/stm32f1xx_hal_msp.o
                0x0000000008003ccc                HAL_CAN_MspInit
 .text.HAL_RTC_MspInit
                0x0000000008003d74       0x48 ./Core/Src/stm32f1xx_hal_msp.o
                0x0000000008003d74                HAL_RTC_MspInit
 .text.HAL_SPI_MspInit
                0x0000000008003dbc      0x10c ./Core/Src/stm32f1xx_hal_msp.o
                0x0000000008003dbc                HAL_SPI_MspInit
 .text.HAL_UART_MspInit
                0x0000000008003ec8       0x98 ./Core/Src/stm32f1xx_hal_msp.o
                0x0000000008003ec8                HAL_UART_MspInit
 .text.NMI_Handler
                0x0000000008003f60        0xc ./Core/Src/stm32f1xx_it.o
                0x0000000008003f60                NMI_Handler
 .text.HardFault_Handler
                0x0000000008003f6c        0x6 ./Core/Src/stm32f1xx_it.o
                0x0000000008003f6c                HardFault_Handler
 .text.MemManage_Handler
                0x0000000008003f72        0x6 ./Core/Src/stm32f1xx_it.o
                0x0000000008003f72                MemManage_Handler
 .text.BusFault_Handler
                0x0000000008003f78        0x6 ./Core/Src/stm32f1xx_it.o
                0x0000000008003f78                BusFault_Handler
 .text.UsageFault_Handler
                0x0000000008003f7e        0x6 ./Core/Src/stm32f1xx_it.o
                0x0000000008003f7e                UsageFault_Handler
 .text.SVC_Handler
                0x0000000008003f84        0xc ./Core/Src/stm32f1xx_it.o
                0x0000000008003f84                SVC_Handler
 .text.DebugMon_Handler
                0x0000000008003f90        0xc ./Core/Src/stm32f1xx_it.o
                0x0000000008003f90                DebugMon_Handler
 .text.PendSV_Handler
                0x0000000008003f9c        0xc ./Core/Src/stm32f1xx_it.o
                0x0000000008003f9c                PendSV_Handler
 .text.SysTick_Handler
                0x0000000008003fa8       0x3c ./Core/Src/stm32f1xx_it.o
                0x0000000008003fa8                SysTick_Handler
 .text.DMA1_Channel1_IRQHandler
                0x0000000008003fe4       0x14 ./Core/Src/stm32f1xx_it.o
                0x0000000008003fe4                DMA1_Channel1_IRQHandler
 .text.USB_LP_CAN1_RX0_IRQHandler
                0x0000000008003ff8       0x14 ./Core/Src/stm32f1xx_it.o
                0x0000000008003ff8                USB_LP_CAN1_RX0_IRQHandler
 .text.User_Init
                0x000000000800400c      0x1ac ./Core/Src/sub.o
                0x000000000800400c                User_Init
 .text.Main_Loop
                0x00000000080041b8      0x208 ./Core/Src/sub.o
                0x00000000080041b8                Main_Loop
 .text.Ad_Conversion
                0x00000000080043c0      0x224 ./Core/Src/sub.o
                0x00000000080043c0                Ad_Conversion
 .text.Read_CellData
                0x00000000080045e4      0x344 ./Core/Src/sub.o
                0x00000000080045e4                Read_CellData
 .text.Read_TempData
                0x0000000008004928      0x108 ./Core/Src/sub.o
                0x0000000008004928                Read_TempData
 .text.Cell_Balancing
                0x0000000008004a30      0x28c ./Core/Src/sub.o
                0x0000000008004a30                Cell_Balancing
 .text.CAN_Celldata_Assign
                0x0000000008004cbc      0x254 ./Core/Src/sub.o
                0x0000000008004cbc                CAN_Celldata_Assign
 .text.CAN_Send_Process
                0x0000000008004f10      0x14c ./Core/Src/sub.o
                0x0000000008004f10                CAN_Send_Process
 .text.CAN_Tx_Process
                0x000000000800505c       0x88 ./Core/Src/sub.o
                0x000000000800505c                CAN_Tx_Process
 .text.CAN_Timeout
                0x00000000080050e4       0xac ./Core/Src/sub.o
                0x00000000080050e4                CAN_Timeout
 .text.Shutdown_Process
                0x0000000008005190       0x4c ./Core/Src/sub.o
                0x0000000008005190                Shutdown_Process
 .text.PwrOff_Process
                0x00000000080051dc       0xac ./Core/Src/sub.o
                0x00000000080051dc                PwrOff_Process
 .text.Relays_Control
                0x0000000008005288       0x3c ./Core/Src/sub.o
                0x0000000008005288                Relays_Control
 .text.Calculate_SOC
                0x00000000080052c4       0x98 ./Core/Src/sub.o
                0x00000000080052c4                Calculate_SOC
 .text.Buzzer_Output
                0x000000000800535c       0xa0 ./Core/Src/sub.o
                0x000000000800535c                Buzzer_Output
 .text.Vol2Temp
                0x00000000080053fc       0xd0 ./Core/Src/sub.o
                0x00000000080053fc                Vol2Temp
 .text.Get_OCV_SOC
                0x00000000080054cc       0xa4 ./Core/Src/sub.o
                0x00000000080054cc                Get_OCV_SOC
 .text.spi_write_array
                0x0000000008005570       0x34 ./Core/Src/sub.o
                0x0000000008005570                spi_write_array
 .text.spi_write_read
                0x00000000080055a4       0x54 ./Core/Src/sub.o
                0x00000000080055a4                spi_write_read
 .text.SPI2_CS  0x00000000080055f8       0x38 ./Core/Src/sub.o
                0x00000000080055f8                SPI2_CS
 .text.Uart1Transmit
                0x0000000008005630       0x28 ./Core/Src/sub.o
                0x0000000008005630                Uart1Transmit
 .text.ErrorHandler
                0x0000000008005658       0x40 ./Core/Src/sub.o
                0x0000000008005658                ErrorHandler
 .text._sbrk    0x0000000008005698       0x58 ./Core/Src/sysmem.o
                0x0000000008005698                _sbrk
 .text.SystemInit
                0x00000000080056f0       0x68 ./Core/Src/system_stm32f1xx.o
                0x00000000080056f0                SystemInit
 .text.Warn_Error_Process
                0x0000000008005758      0x2e4 ./Core/Src/warnerr.o
                0x0000000008005758                Warn_Error_Process
 .text.DCHG_Warn_Error_Process
                0x0000000008005a3c      0x28c ./Core/Src/warnerr.o
                0x0000000008005a3c                DCHG_Warn_Error_Process
 .text.CHG_Warn_Error_Process
                0x0000000008005cc8      0x13c ./Core/Src/warnerr.o
                0x0000000008005cc8                CHG_Warn_Error_Process
 .text.Reset_Handler
                0x0000000008005e04       0x48 ./Core/Startup/startup_stm32f103rctx.o
                0x0000000008005e04                Reset_Handler
 .text.Default_Handler
                0x0000000008005e4c        0x2 ./Core/Startup/startup_stm32f103rctx.o
                0x0000000008005e4c                RTC_Alarm_IRQHandler
                0x0000000008005e4c                EXTI2_IRQHandler
                0x0000000008005e4c                TIM8_TRG_COM_IRQHandler
                0x0000000008005e4c                TIM8_CC_IRQHandler
                0x0000000008005e4c                TIM1_CC_IRQHandler
                0x0000000008005e4c                TIM6_IRQHandler
                0x0000000008005e4c                PVD_IRQHandler
                0x0000000008005e4c                SDIO_IRQHandler
                0x0000000008005e4c                EXTI3_IRQHandler
                0x0000000008005e4c                EXTI0_IRQHandler
                0x0000000008005e4c                I2C2_EV_IRQHandler
                0x0000000008005e4c                ADC1_2_IRQHandler
                0x0000000008005e4c                SPI1_IRQHandler
                0x0000000008005e4c                TAMPER_IRQHandler
                0x0000000008005e4c                TIM8_UP_IRQHandler
                0x0000000008005e4c                DMA2_Channel2_IRQHandler
                0x0000000008005e4c                DMA1_Channel4_IRQHandler
                0x0000000008005e4c                USART3_IRQHandler
                0x0000000008005e4c                RTC_IRQHandler
                0x0000000008005e4c                DMA1_Channel7_IRQHandler
                0x0000000008005e4c                CAN1_RX1_IRQHandler
                0x0000000008005e4c                UART5_IRQHandler
                0x0000000008005e4c                ADC3_IRQHandler
                0x0000000008005e4c                TIM4_IRQHandler
                0x0000000008005e4c                DMA2_Channel1_IRQHandler
                0x0000000008005e4c                I2C1_EV_IRQHandler
                0x0000000008005e4c                DMA1_Channel6_IRQHandler
                0x0000000008005e4c                UART4_IRQHandler
                0x0000000008005e4c                TIM3_IRQHandler
                0x0000000008005e4c                RCC_IRQHandler
                0x0000000008005e4c                TIM1_TRG_COM_IRQHandler
                0x0000000008005e4c                Default_Handler
                0x0000000008005e4c                EXTI15_10_IRQHandler
                0x0000000008005e4c                TIM7_IRQHandler
                0x0000000008005e4c                TIM5_IRQHandler
                0x0000000008005e4c                EXTI9_5_IRQHandler
                0x0000000008005e4c                SPI2_IRQHandler
                0x0000000008005e4c                DMA1_Channel5_IRQHandler
                0x0000000008005e4c                EXTI4_IRQHandler
                0x0000000008005e4c                USB_HP_CAN1_TX_IRQHandler
                0x0000000008005e4c                DMA1_Channel3_IRQHandler
                0x0000000008005e4c                FSMC_IRQHandler
                0x0000000008005e4c                TIM1_UP_IRQHandler
                0x0000000008005e4c                WWDG_IRQHandler
                0x0000000008005e4c                TIM2_IRQHandler
                0x0000000008005e4c                TIM1_BRK_IRQHandler
                0x0000000008005e4c                EXTI1_IRQHandler
                0x0000000008005e4c                DMA2_Channel4_5_IRQHandler
                0x0000000008005e4c                USART2_IRQHandler
                0x0000000008005e4c                I2C2_ER_IRQHandler
                0x0000000008005e4c                DMA1_Channel2_IRQHandler
                0x0000000008005e4c                TIM8_BRK_IRQHandler
                0x0000000008005e4c                CAN1_SCE_IRQHandler
                0x0000000008005e4c                FLASH_IRQHandler
                0x0000000008005e4c                USART1_IRQHandler
                0x0000000008005e4c                SPI3_IRQHandler
                0x0000000008005e4c                I2C1_ER_IRQHandler
                0x0000000008005e4c                USBWakeUp_IRQHandler
                0x0000000008005e4c                DMA2_Channel3_IRQHandler
 .text.stm32_lock_acquire
                0x0000000008005e4e       0x6e ./Core/ThreadSafe/newlib_lock_glue.o
 .text.stm32_lock_release
                0x0000000008005ebc       0x52 ./Core/ThreadSafe/newlib_lock_glue.o
 .text.__retarget_lock_acquire_recursive
                0x0000000008005f0e       0x28 ./Core/ThreadSafe/newlib_lock_glue.o
                0x0000000008005f0e                __retarget_lock_acquire_recursive
 .text.__retarget_lock_release_recursive
                0x0000000008005f36       0x28 ./Core/ThreadSafe/newlib_lock_glue.o
                0x0000000008005f36                __retarget_lock_release_recursive
 *fill*         0x0000000008005f5e        0x2 
 .text.HAL_Init
                0x0000000008005f60       0x2c ./Drivers/STM32F1xx_HAL_Driver/Src/stm32f1xx_hal.o
                0x0000000008005f60                HAL_Init
 .text.HAL_InitTick
                0x0000000008005f8c       0x60 ./Drivers/STM32F1xx_HAL_Driver/Src/stm32f1xx_hal.o
                0x0000000008005f8c                HAL_InitTick
 .text.HAL_IncTick
                0x0000000008005fec       0x24 ./Drivers/STM32F1xx_HAL_Driver/Src/stm32f1xx_hal.o
                0x0000000008005fec                HAL_IncTick
 .text.HAL_GetTick
                0x0000000008006010       0x14 ./Drivers/STM32F1xx_HAL_Driver/Src/stm32f1xx_hal.o
                0x0000000008006010                HAL_GetTick
 .text.HAL_Delay
                0x0000000008006024       0x48 ./Drivers/STM32F1xx_HAL_Driver/Src/stm32f1xx_hal.o
                0x0000000008006024                HAL_Delay
 .text.HAL_ADC_Init
                0x000000000800606c      0x1d4 ./Drivers/STM32F1xx_HAL_Driver/Src/stm32f1xx_hal_adc.o
                0x000000000800606c                HAL_ADC_Init
 .text.HAL_ADC_Start
                0x0000000008006240      0x15c ./Drivers/STM32F1xx_HAL_Driver/Src/stm32f1xx_hal_adc.o
                0x0000000008006240                HAL_ADC_Start
 .text.HAL_ADC_Stop
                0x000000000800639c       0x58 ./Drivers/STM32F1xx_HAL_Driver/Src/stm32f1xx_hal_adc.o
                0x000000000800639c                HAL_ADC_Stop
 .text.HAL_ADC_PollForConversion
                0x00000000080063f4      0x20c ./Drivers/STM32F1xx_HAL_Driver/Src/stm32f1xx_hal_adc.o
                0x00000000080063f4                HAL_ADC_PollForConversion
 .text.HAL_ADC_GetValue
                0x0000000008006600       0x18 ./Drivers/STM32F1xx_HAL_Driver/Src/stm32f1xx_hal_adc.o
                0x0000000008006600                HAL_ADC_GetValue
 .text.HAL_ADC_ConfigChannel
                0x0000000008006618      0x1f0 ./Drivers/STM32F1xx_HAL_Driver/Src/stm32f1xx_hal_adc.o
                0x0000000008006618                HAL_ADC_ConfigChannel
 .text.ADC_Enable
                0x0000000008006808       0xb4 ./Drivers/STM32F1xx_HAL_Driver/Src/stm32f1xx_hal_adc.o
                0x0000000008006808                ADC_Enable
 .text.ADC_ConversionStop_Disable
                0x00000000080068bc       0x82 ./Drivers/STM32F1xx_HAL_Driver/Src/stm32f1xx_hal_adc.o
                0x00000000080068bc                ADC_ConversionStop_Disable
 *fill*         0x000000000800693e        0x2 
 .text.HAL_ADCEx_Calibration_Start
                0x0000000008006940      0x158 ./Drivers/STM32F1xx_HAL_Driver/Src/stm32f1xx_hal_adc_ex.o
                0x0000000008006940                HAL_ADCEx_Calibration_Start
 .text.HAL_CAN_Init
                0x0000000008006a98      0x1f6 ./Drivers/STM32F1xx_HAL_Driver/Src/stm32f1xx_hal_can.o
                0x0000000008006a98                HAL_CAN_Init
 .text.HAL_CAN_ConfigFilter
                0x0000000008006c8e      0x192 ./Drivers/STM32F1xx_HAL_Driver/Src/stm32f1xx_hal_can.o
                0x0000000008006c8e                HAL_CAN_ConfigFilter
 .text.HAL_CAN_Start
                0x0000000008006e20       0x88 ./Drivers/STM32F1xx_HAL_Driver/Src/stm32f1xx_hal_can.o
                0x0000000008006e20                HAL_CAN_Start
 .text.HAL_CAN_AddTxMessage
                0x0000000008006ea8      0x1b4 ./Drivers/STM32F1xx_HAL_Driver/Src/stm32f1xx_hal_can.o
                0x0000000008006ea8                HAL_CAN_AddTxMessage
 .text.HAL_CAN_GetRxMessage
                0x000000000800705c      0x222 ./Drivers/STM32F1xx_HAL_Driver/Src/stm32f1xx_hal_can.o
                0x000000000800705c                HAL_CAN_GetRxMessage
 .text.HAL_CAN_ActivateNotification
                0x000000000800727e       0x4a ./Drivers/STM32F1xx_HAL_Driver/Src/stm32f1xx_hal_can.o
                0x000000000800727e                HAL_CAN_ActivateNotification
 .text.HAL_CAN_IRQHandler
                0x00000000080072c8      0x36e ./Drivers/STM32F1xx_HAL_Driver/Src/stm32f1xx_hal_can.o
                0x00000000080072c8                HAL_CAN_IRQHandler
 .text.HAL_CAN_TxMailbox0CompleteCallback
                0x0000000008007636       0x12 ./Drivers/STM32F1xx_HAL_Driver/Src/stm32f1xx_hal_can.o
                0x0000000008007636                HAL_CAN_TxMailbox0CompleteCallback
 .text.HAL_CAN_TxMailbox1CompleteCallback
                0x0000000008007648       0x12 ./Drivers/STM32F1xx_HAL_Driver/Src/stm32f1xx_hal_can.o
                0x0000000008007648                HAL_CAN_TxMailbox1CompleteCallback
 .text.HAL_CAN_TxMailbox2CompleteCallback
                0x000000000800765a       0x12 ./Drivers/STM32F1xx_HAL_Driver/Src/stm32f1xx_hal_can.o
                0x000000000800765a                HAL_CAN_TxMailbox2CompleteCallback
 .text.HAL_CAN_TxMailbox0AbortCallback
                0x000000000800766c       0x12 ./Drivers/STM32F1xx_HAL_Driver/Src/stm32f1xx_hal_can.o
                0x000000000800766c                HAL_CAN_TxMailbox0AbortCallback
 .text.HAL_CAN_TxMailbox1AbortCallback
                0x000000000800767e       0x12 ./Drivers/STM32F1xx_HAL_Driver/Src/stm32f1xx_hal_can.o
                0x000000000800767e                HAL_CAN_TxMailbox1AbortCallback
 .text.HAL_CAN_TxMailbox2AbortCallback
                0x0000000008007690       0x12 ./Drivers/STM32F1xx_HAL_Driver/Src/stm32f1xx_hal_can.o
                0x0000000008007690                HAL_CAN_TxMailbox2AbortCallback
 .text.HAL_CAN_RxFifo0FullCallback
                0x00000000080076a2       0x12 ./Drivers/STM32F1xx_HAL_Driver/Src/stm32f1xx_hal_can.o
                0x00000000080076a2                HAL_CAN_RxFifo0FullCallback
 .text.HAL_CAN_RxFifo1MsgPendingCallback
                0x00000000080076b4       0x12 ./Drivers/STM32F1xx_HAL_Driver/Src/stm32f1xx_hal_can.o
                0x00000000080076b4                HAL_CAN_RxFifo1MsgPendingCallback
 .text.HAL_CAN_RxFifo1FullCallback
                0x00000000080076c6       0x12 ./Drivers/STM32F1xx_HAL_Driver/Src/stm32f1xx_hal_can.o
                0x00000000080076c6                HAL_CAN_RxFifo1FullCallback
 .text.HAL_CAN_SleepCallback
                0x00000000080076d8       0x12 ./Drivers/STM32F1xx_HAL_Driver/Src/stm32f1xx_hal_can.o
                0x00000000080076d8                HAL_CAN_SleepCallback
 .text.HAL_CAN_WakeUpFromRxMsgCallback
                0x00000000080076ea       0x12 ./Drivers/STM32F1xx_HAL_Driver/Src/stm32f1xx_hal_can.o
                0x00000000080076ea                HAL_CAN_WakeUpFromRxMsgCallback
 .text.HAL_CAN_ErrorCallback
                0x00000000080076fc       0x12 ./Drivers/STM32F1xx_HAL_Driver/Src/stm32f1xx_hal_can.o
                0x00000000080076fc                HAL_CAN_ErrorCallback
 *fill*         0x000000000800770e        0x2 
 .text.__NVIC_SetPriorityGrouping
                0x0000000008007710       0x48 ./Drivers/STM32F1xx_HAL_Driver/Src/stm32f1xx_hal_cortex.o
 .text.__NVIC_GetPriorityGrouping
                0x0000000008007758       0x1c ./Drivers/STM32F1xx_HAL_Driver/Src/stm32f1xx_hal_cortex.o
 .text.__NVIC_EnableIRQ
                0x0000000008007774       0x38 ./Drivers/STM32F1xx_HAL_Driver/Src/stm32f1xx_hal_cortex.o
 .text.__NVIC_SetPriority
                0x00000000080077ac       0x54 ./Drivers/STM32F1xx_HAL_Driver/Src/stm32f1xx_hal_cortex.o
 .text.NVIC_EncodePriority
                0x0000000008007800       0x64 ./Drivers/STM32F1xx_HAL_Driver/Src/stm32f1xx_hal_cortex.o
 .text.SysTick_Config
                0x0000000008007864       0x44 ./Drivers/STM32F1xx_HAL_Driver/Src/stm32f1xx_hal_cortex.o
 .text.HAL_NVIC_SetPriorityGrouping
                0x00000000080078a8       0x16 ./Drivers/STM32F1xx_HAL_Driver/Src/stm32f1xx_hal_cortex.o
                0x00000000080078a8                HAL_NVIC_SetPriorityGrouping
 .text.HAL_NVIC_SetPriority
                0x00000000080078be       0x38 ./Drivers/STM32F1xx_HAL_Driver/Src/stm32f1xx_hal_cortex.o
                0x00000000080078be                HAL_NVIC_SetPriority
 .text.HAL_NVIC_EnableIRQ
                0x00000000080078f6       0x1c ./Drivers/STM32F1xx_HAL_Driver/Src/stm32f1xx_hal_cortex.o
                0x00000000080078f6                HAL_NVIC_EnableIRQ
 .text.HAL_SYSTICK_Config
                0x0000000008007912       0x18 ./Drivers/STM32F1xx_HAL_Driver/Src/stm32f1xx_hal_cortex.o
                0x0000000008007912                HAL_SYSTICK_Config
 *fill*         0x000000000800792a        0x2 
 .text.HAL_DMA_Init
                0x000000000800792c       0xec ./Drivers/STM32F1xx_HAL_Driver/Src/stm32f1xx_hal_dma.o
                0x000000000800792c                HAL_DMA_Init
 .text.HAL_DMA_IRQHandler
                0x0000000008007a18      0x478 ./Drivers/STM32F1xx_HAL_Driver/Src/stm32f1xx_hal_dma.o
                0x0000000008007a18                HAL_DMA_IRQHandler
 .text.HAL_GPIO_Init
                0x0000000008007e90      0x328 ./Drivers/STM32F1xx_HAL_Driver/Src/stm32f1xx_hal_gpio.o
                0x0000000008007e90                HAL_GPIO_Init
 .text.HAL_GPIO_ReadPin
                0x00000000080081b8       0x2e ./Drivers/STM32F1xx_HAL_Driver/Src/stm32f1xx_hal_gpio.o
                0x00000000080081b8                HAL_GPIO_ReadPin
 .text.HAL_GPIO_WritePin
                0x00000000080081e6       0x30 ./Drivers/STM32F1xx_HAL_Driver/Src/stm32f1xx_hal_gpio.o
                0x00000000080081e6                HAL_GPIO_WritePin
 *fill*         0x0000000008008216        0x2 
 .text.HAL_PWR_EnableBkUpAccess
                0x0000000008008218       0x18 ./Drivers/STM32F1xx_HAL_Driver/Src/stm32f1xx_hal_pwr.o
                0x0000000008008218                HAL_PWR_EnableBkUpAccess
 .text.HAL_RCC_OscConfig
                0x0000000008008230      0x500 ./Drivers/STM32F1xx_HAL_Driver/Src/stm32f1xx_hal_rcc.o
                0x0000000008008230                HAL_RCC_OscConfig
 .text.HAL_RCC_ClockConfig
                0x0000000008008730      0x1d4 ./Drivers/STM32F1xx_HAL_Driver/Src/stm32f1xx_hal_rcc.o
                0x0000000008008730                HAL_RCC_ClockConfig
 .text.HAL_RCC_GetSysClockFreq
                0x0000000008008904       0xbc ./Drivers/STM32F1xx_HAL_Driver/Src/stm32f1xx_hal_rcc.o
                0x0000000008008904                HAL_RCC_GetSysClockFreq
 .text.HAL_RCC_GetHCLKFreq
                0x00000000080089c0       0x14 ./Drivers/STM32F1xx_HAL_Driver/Src/stm32f1xx_hal_rcc.o
                0x00000000080089c0                HAL_RCC_GetHCLKFreq
 .text.HAL_RCC_GetPCLK1Freq
                0x00000000080089d4       0x28 ./Drivers/STM32F1xx_HAL_Driver/Src/stm32f1xx_hal_rcc.o
                0x00000000080089d4                HAL_RCC_GetPCLK1Freq
 .text.HAL_RCC_GetPCLK2Freq
                0x00000000080089fc       0x28 ./Drivers/STM32F1xx_HAL_Driver/Src/stm32f1xx_hal_rcc.o
                0x00000000080089fc                HAL_RCC_GetPCLK2Freq
 .text.RCC_Delay
                0x0000000008008a24       0x3c ./Drivers/STM32F1xx_HAL_Driver/Src/stm32f1xx_hal_rcc.o
 .text.HAL_RCCEx_PeriphCLKConfig
                0x0000000008008a60      0x168 ./Drivers/STM32F1xx_HAL_Driver/Src/stm32f1xx_hal_rcc_ex.o
                0x0000000008008a60                HAL_RCCEx_PeriphCLKConfig
 .text.HAL_RCCEx_GetPeriphCLKFreq
                0x0000000008008bc8      0x1c8 ./Drivers/STM32F1xx_HAL_Driver/Src/stm32f1xx_hal_rcc_ex.o
                0x0000000008008bc8                HAL_RCCEx_GetPeriphCLKFreq
 .text.HAL_RTC_Init
                0x0000000008008d90      0x12c ./Drivers/STM32F1xx_HAL_Driver/Src/stm32f1xx_hal_rtc.o
                0x0000000008008d90                HAL_RTC_Init
 .text.HAL_RTC_SetTime
                0x0000000008008ebc      0x12e ./Drivers/STM32F1xx_HAL_Driver/Src/stm32f1xx_hal_rtc.o
                0x0000000008008ebc                HAL_RTC_SetTime
 *fill*         0x0000000008008fea        0x2 
 .text.HAL_RTC_GetTime
                0x0000000008008fec      0x1b0 ./Drivers/STM32F1xx_HAL_Driver/Src/stm32f1xx_hal_rtc.o
                0x0000000008008fec                HAL_RTC_GetTime
 .text.HAL_RTC_SetDate
                0x000000000800919c      0x16c ./Drivers/STM32F1xx_HAL_Driver/Src/stm32f1xx_hal_rtc.o
                0x000000000800919c                HAL_RTC_SetDate
 .text.HAL_RTC_GetDate
                0x0000000008009308       0xa8 ./Drivers/STM32F1xx_HAL_Driver/Src/stm32f1xx_hal_rtc.o
                0x0000000008009308                HAL_RTC_GetDate
 .text.HAL_RTC_WaitForSynchro
                0x00000000080093b0       0x5a ./Drivers/STM32F1xx_HAL_Driver/Src/stm32f1xx_hal_rtc.o
                0x00000000080093b0                HAL_RTC_WaitForSynchro
 .text.RTC_ReadTimeCounter
                0x000000000800940a       0x60 ./Drivers/STM32F1xx_HAL_Driver/Src/stm32f1xx_hal_rtc.o
 .text.RTC_WriteTimeCounter
                0x000000000800946a       0x4e ./Drivers/STM32F1xx_HAL_Driver/Src/stm32f1xx_hal_rtc.o
 .text.RTC_ReadAlarmCounter
                0x00000000080094b8       0x32 ./Drivers/STM32F1xx_HAL_Driver/Src/stm32f1xx_hal_rtc.o
 .text.RTC_WriteAlarmCounter
                0x00000000080094ea       0x4e ./Drivers/STM32F1xx_HAL_Driver/Src/stm32f1xx_hal_rtc.o
 .text.RTC_EnterInitMode
                0x0000000008009538       0x50 ./Drivers/STM32F1xx_HAL_Driver/Src/stm32f1xx_hal_rtc.o
 .text.RTC_ExitInitMode
                0x0000000008009588       0x50 ./Drivers/STM32F1xx_HAL_Driver/Src/stm32f1xx_hal_rtc.o
 .text.RTC_ByteToBcd2
                0x00000000080095d8       0x3a ./Drivers/STM32F1xx_HAL_Driver/Src/stm32f1xx_hal_rtc.o
 .text.RTC_Bcd2ToByte
                0x0000000008009612       0x3a ./Drivers/STM32F1xx_HAL_Driver/Src/stm32f1xx_hal_rtc.o
 .text.RTC_DateUpdate
                0x000000000800964c      0x152 ./Drivers/STM32F1xx_HAL_Driver/Src/stm32f1xx_hal_rtc.o
 *fill*         0x000000000800979e        0x2 
 .text.RTC_IsLeapYear
                0x00000000080097a0       0x64 ./Drivers/STM32F1xx_HAL_Driver/Src/stm32f1xx_hal_rtc.o
 .text.RTC_WeekDayNum
                0x0000000008009804       0xf0 ./Drivers/STM32F1xx_HAL_Driver/Src/stm32f1xx_hal_rtc.o
 .text.HAL_SPI_Init
                0x00000000080098f4      0x108 ./Drivers/STM32F1xx_HAL_Driver/Src/stm32f1xx_hal_spi.o
                0x00000000080098f4                HAL_SPI_Init
 .text.HAL_SPI_Transmit
                0x00000000080099fc      0x278 ./Drivers/STM32F1xx_HAL_Driver/Src/stm32f1xx_hal_spi.o
                0x00000000080099fc                HAL_SPI_Transmit
 .text.HAL_SPI_Receive
                0x0000000008009c74      0x222 ./Drivers/STM32F1xx_HAL_Driver/Src/stm32f1xx_hal_spi.o
                0x0000000008009c74                HAL_SPI_Receive
 .text.HAL_SPI_TransmitReceive
                0x0000000008009e96      0x344 ./Drivers/STM32F1xx_HAL_Driver/Src/stm32f1xx_hal_spi.o
                0x0000000008009e96                HAL_SPI_TransmitReceive
 .text.HAL_SPI_GetState
                0x000000000800a1da       0x1a ./Drivers/STM32F1xx_HAL_Driver/Src/stm32f1xx_hal_spi.o
                0x000000000800a1da                HAL_SPI_GetState
 .text.SPI_WaitFlagStateUntilTimeout
                0x000000000800a1f4      0x110 ./Drivers/STM32F1xx_HAL_Driver/Src/stm32f1xx_hal_spi.o
 .text.SPI_EndRxTransaction
                0x000000000800a304       0xa4 ./Drivers/STM32F1xx_HAL_Driver/Src/stm32f1xx_hal_spi.o
 .text.SPI_EndRxTxTransaction
                0x000000000800a3a8       0x3c ./Drivers/STM32F1xx_HAL_Driver/Src/stm32f1xx_hal_spi.o
 .text.HAL_UART_Init
                0x000000000800a3e4       0x9a ./Drivers/STM32F1xx_HAL_Driver/Src/stm32f1xx_hal_uart.o
                0x000000000800a3e4                HAL_UART_Init
 .text.HAL_UART_Transmit
                0x000000000800a47e      0x124 ./Drivers/STM32F1xx_HAL_Driver/Src/stm32f1xx_hal_uart.o
                0x000000000800a47e                HAL_UART_Transmit
 .text.HAL_UART_Receive_IT
                0x000000000800a5a2       0x60 ./Drivers/STM32F1xx_HAL_Driver/Src/stm32f1xx_hal_uart.o
                0x000000000800a5a2                HAL_UART_Receive_IT
 .text.UART_WaitOnFlagUntilTimeout
                0x000000000800a602       0x94 ./Drivers/STM32F1xx_HAL_Driver/Src/stm32f1xx_hal_uart.o
 .text.UART_Start_Receive_IT
                0x000000000800a696       0x72 ./Drivers/STM32F1xx_HAL_Driver/Src/stm32f1xx_hal_uart.o
                0x000000000800a696                UART_Start_Receive_IT
 .text.UART_SetConfig
                0x000000000800a708      0x11c ./Drivers/STM32F1xx_HAL_Driver/Src/stm32f1xx_hal_uart.o
 .text.__errno  0x000000000800a824        0xc d:/programs/stm32cubeide/stm32cubeide_1.0.2/stm32cubeide/plugins/com.st.stm32cube.ide.mcu.externaltools.gnu-tools-for-stm32.10.3-2021.10.win32_1.0.0.202111181127/tools/bin/../lib/gcc/arm-none-eabi/10.3.1/../../../../arm-none-eabi/lib/thumb/v7-m/nofp\libc_nano.a(lib_a-errno.o)
                0x000000000800a824                __errno
 .text.__libc_init_array
                0x000000000800a830       0x48 d:/programs/stm32cubeide/stm32cubeide_1.0.2/stm32cubeide/plugins/com.st.stm32cube.ide.mcu.externaltools.gnu-tools-for-stm32.10.3-2021.10.win32_1.0.0.202111181127/tools/bin/../lib/gcc/arm-none-eabi/10.3.1/../../../../arm-none-eabi/lib/thumb/v7-m/nofp\libc_nano.a(lib_a-init.o)
                0x000000000800a830                __libc_init_array
 .text.malloc   0x000000000800a878       0x10 d:/programs/stm32cubeide/stm32cubeide_1.0.2/stm32cubeide/plugins/com.st.stm32cube.ide.mcu.externaltools.gnu-tools-for-stm32.10.3-2021.10.win32_1.0.0.202111181127/tools/bin/../lib/gcc/arm-none-eabi/10.3.1/../../../../arm-none-eabi/lib/thumb/v7-m/nofp\libc_nano.a(lib_a-malloc.o)
                0x000000000800a878                malloc
 .text.free     0x000000000800a888       0x10 d:/programs/stm32cubeide/stm32cubeide_1.0.2/stm32cubeide/plugins/com.st.stm32cube.ide.mcu.externaltools.gnu-tools-for-stm32.10.3-2021.10.win32_1.0.0.202111181127/tools/bin/../lib/gcc/arm-none-eabi/10.3.1/../../../../arm-none-eabi/lib/thumb/v7-m/nofp\libc_nano.a(lib_a-malloc.o)
                0x000000000800a888                free
 .text.memset   0x000000000800a898       0x10 d:/programs/stm32cubeide/stm32cubeide_1.0.2/stm32cubeide/plugins/com.st.stm32cube.ide.mcu.externaltools.gnu-tools-for-stm32.10.3-2021.10.win32_1.0.0.202111181127/tools/bin/../lib/gcc/arm-none-eabi/10.3.1/../../../../arm-none-eabi/lib/thumb/v7-m/nofp\libc_nano.a(lib_a-memset.o)
                0x000000000800a898                memset
 .text._free_r  0x000000000800a8a8       0x90 d:/programs/stm32cubeide/stm32cubeide_1.0.2/stm32cubeide/plugins/com.st.stm32cube.ide.mcu.externaltools.gnu-tools-for-stm32.10.3-2021.10.win32_1.0.0.202111181127/tools/bin/../lib/gcc/arm-none-eabi/10.3.1/../../../../arm-none-eabi/lib/thumb/v7-m/nofp\libc_nano.a(lib_a-nano-freer.o)
                0x000000000800a8a8                _free_r
 .text.sbrk_aligned
                0x000000000800a938       0x40 d:/programs/stm32cubeide/stm32cubeide_1.0.2/stm32cubeide/plugins/com.st.stm32cube.ide.mcu.externaltools.gnu-tools-for-stm32.10.3-2021.10.win32_1.0.0.202111181127/tools/bin/../lib/gcc/arm-none-eabi/10.3.1/../../../../arm-none-eabi/lib/thumb/v7-m/nofp\libc_nano.a(lib_a-nano-mallocr.o)
 .text._malloc_r
                0x000000000800a978       0xe8 d:/programs/stm32cubeide/stm32cubeide_1.0.2/stm32cubeide/plugins/com.st.stm32cube.ide.mcu.externaltools.gnu-tools-for-stm32.10.3-2021.10.win32_1.0.0.202111181127/tools/bin/../lib/gcc/arm-none-eabi/10.3.1/../../../../arm-none-eabi/lib/thumb/v7-m/nofp\libc_nano.a(lib_a-nano-mallocr.o)
                0x000000000800a978                _malloc_r
 .text._sbrk_r  0x000000000800aa60       0x20 d:/programs/stm32cubeide/stm32cubeide_1.0.2/stm32cubeide/plugins/com.st.stm32cube.ide.mcu.externaltools.gnu-tools-for-stm32.10.3-2021.10.win32_1.0.0.202111181127/tools/bin/../lib/gcc/arm-none-eabi/10.3.1/../../../../arm-none-eabi/lib/thumb/v7-m/nofp\libc_nano.a(lib_a-sbrkr.o)
                0x000000000800aa60                _sbrk_r
 .text.sprintf  0x000000000800aa80       0x40 d:/programs/stm32cubeide/stm32cubeide_1.0.2/stm32cubeide/plugins/com.st.stm32cube.ide.mcu.externaltools.gnu-tools-for-stm32.10.3-2021.10.win32_1.0.0.202111181127/tools/bin/../lib/gcc/arm-none-eabi/10.3.1/../../../../arm-none-eabi/lib/thumb/v7-m/nofp\libc_nano.a(lib_a-sprintf.o)
                0x000000000800aa80                siprintf
                0x000000000800aa80                sprintf
 .text.__malloc_lock
                0x000000000800aac0        0xc d:/programs/stm32cubeide/stm32cubeide_1.0.2/stm32cubeide/plugins/com.st.stm32cube.ide.mcu.externaltools.gnu-tools-for-stm32.10.3-2021.10.win32_1.0.0.202111181127/tools/bin/../lib/gcc/arm-none-eabi/10.3.1/../../../../arm-none-eabi/lib/thumb/v7-m/nofp\libc_nano.a(lib_a-mlock.o)
                0x000000000800aac0                __malloc_lock
 .text.__malloc_unlock
                0x000000000800aacc        0xc d:/programs/stm32cubeide/stm32cubeide_1.0.2/stm32cubeide/plugins/com.st.stm32cube.ide.mcu.externaltools.gnu-tools-for-stm32.10.3-2021.10.win32_1.0.0.202111181127/tools/bin/../lib/gcc/arm-none-eabi/10.3.1/../../../../arm-none-eabi/lib/thumb/v7-m/nofp\libc_nano.a(lib_a-mlock.o)
                0x000000000800aacc                __malloc_unlock
 .text.__ssputs_r
                0x000000000800aad8       0xb6 d:/programs/stm32cubeide/stm32cubeide_1.0.2/stm32cubeide/plugins/com.st.stm32cube.ide.mcu.externaltools.gnu-tools-for-stm32.10.3-2021.10.win32_1.0.0.202111181127/tools/bin/../lib/gcc/arm-none-eabi/10.3.1/../../../../arm-none-eabi/lib/thumb/v7-m/nofp\libc_nano.a(lib_a-nano-svfprintf.o)
                0x000000000800aad8                __ssputs_r
 *fill*         0x000000000800ab8e        0x2 
 .text._svfprintf_r
                0x000000000800ab90      0x200 d:/programs/stm32cubeide/stm32cubeide_1.0.2/stm32cubeide/plugins/com.st.stm32cube.ide.mcu.externaltools.gnu-tools-for-stm32.10.3-2021.10.win32_1.0.0.202111181127/tools/bin/../lib/gcc/arm-none-eabi/10.3.1/../../../../arm-none-eabi/lib/thumb/v7-m/nofp\libc_nano.a(lib_a-nano-svfprintf.o)
                0x000000000800ab90                _svfiprintf_r
                0x000000000800ab90                _svfprintf_r
 .text._printf_common
                0x000000000800ad90       0xde d:/programs/stm32cubeide/stm32cubeide_1.0.2/stm32cubeide/plugins/com.st.stm32cube.ide.mcu.externaltools.gnu-tools-for-stm32.10.3-2021.10.win32_1.0.0.202111181127/tools/bin/../lib/gcc/arm-none-eabi/10.3.1/../../../../arm-none-eabi/lib/thumb/v7-m/nofp\libc_nano.a(lib_a-nano-vfprintf_i.o)
                0x000000000800ad90                _printf_common
 *fill*         0x000000000800ae6e        0x2 
 .text._printf_i
                0x000000000800ae70      0x24c d:/programs/stm32cubeide/stm32cubeide_1.0.2/stm32cubeide/plugins/com.st.stm32cube.ide.mcu.externaltools.gnu-tools-for-stm32.10.3-2021.10.win32_1.0.0.202111181127/tools/bin/../lib/gcc/arm-none-eabi/10.3.1/../../../../arm-none-eabi/lib/thumb/v7-m/nofp\libc_nano.a(lib_a-nano-vfprintf_i.o)
                0x000000000800ae70                _printf_i
 .text.memchr   0x000000000800b0bc       0x1c d:/programs/stm32cubeide/stm32cubeide_1.0.2/stm32cubeide/plugins/com.st.stm32cube.ide.mcu.externaltools.gnu-tools-for-stm32.10.3-2021.10.win32_1.0.0.202111181127/tools/bin/../lib/gcc/arm-none-eabi/10.3.1/../../../../arm-none-eabi/lib/thumb/v7-m/nofp\libc_nano.a(lib_a-memchr-stub.o)
                0x000000000800b0bc                memchr
 .text.memcpy   0x000000000800b0d8       0x1c d:/programs/stm32cubeide/stm32cubeide_1.0.2/stm32cubeide/plugins/com.st.stm32cube.ide.mcu.externaltools.gnu-tools-for-stm32.10.3-2021.10.win32_1.0.0.202111181127/tools/bin/../lib/gcc/arm-none-eabi/10.3.1/../../../../arm-none-eabi/lib/thumb/v7-m/nofp\libc_nano.a(lib_a-memcpy-stub.o)
                0x000000000800b0d8                memcpy
 .text.memmove  0x000000000800b0f4       0x34 d:/programs/stm32cubeide/stm32cubeide_1.0.2/stm32cubeide/plugins/com.st.stm32cube.ide.mcu.externaltools.gnu-tools-for-stm32.10.3-2021.10.win32_1.0.0.202111181127/tools/bin/../lib/gcc/arm-none-eabi/10.3.1/../../../../arm-none-eabi/lib/thumb/v7-m/nofp\libc_nano.a(lib_a-memmove.o)
                0x000000000800b0f4                memmove
 .text._realloc_r
                0x000000000800b128       0x5e d:/programs/stm32cubeide/stm32cubeide_1.0.2/stm32cubeide/plugins/com.st.stm32cube.ide.mcu.externaltools.gnu-tools-for-stm32.10.3-2021.10.win32_1.0.0.202111181127/tools/bin/../lib/gcc/arm-none-eabi/10.3.1/../../../../arm-none-eabi/lib/thumb/v7-m/nofp\libc_nano.a(lib_a-nano-reallocr.o)
                0x000000000800b128                _realloc_r
 .text._malloc_usable_size_r
                0x000000000800b186       0x10 d:/programs/stm32cubeide/stm32cubeide_1.0.2/stm32cubeide/plugins/com.st.stm32cube.ide.mcu.externaltools.gnu-tools-for-stm32.10.3-2021.10.win32_1.0.0.202111181127/tools/bin/../lib/gcc/arm-none-eabi/10.3.1/../../../../arm-none-eabi/lib/thumb/v7-m/nofp\libc_nano.a(lib_a-nano-msizer.o)
                0x000000000800b186                _malloc_usable_size_r
 *(.glue_7)
 .glue_7        0x000000000800b196        0x0 linker stubs
 *(.glue_7t)
 .glue_7t       0x000000000800b196        0x0 linker stubs
 *(.eh_frame)
 *fill*         0x000000000800b196        0x2 
 .eh_frame      0x000000000800b198        0x0 d:/programs/stm32cubeide/stm32cubeide_1.0.2/stm32cubeide/plugins/com.st.stm32cube.ide.mcu.externaltools.gnu-tools-for-stm32.10.3-2021.10.win32_1.0.0.202111181127/tools/bin/../lib/gcc/arm-none-eabi/10.3.1/thumb/v7-m/nofp/crtbegin.o
 *(.init)
 .init          0x000000000800b198        0x4 d:/programs/stm32cubeide/stm32cubeide_1.0.2/stm32cubeide/plugins/com.st.stm32cube.ide.mcu.externaltools.gnu-tools-for-stm32.10.3-2021.10.win32_1.0.0.202111181127/tools/bin/../lib/gcc/arm-none-eabi/10.3.1/thumb/v7-m/nofp/crti.o
                0x000000000800b198                _init
 .init          0x000000000800b19c        0x8 d:/programs/stm32cubeide/stm32cubeide_1.0.2/stm32cubeide/plugins/com.st.stm32cube.ide.mcu.externaltools.gnu-tools-for-stm32.10.3-2021.10.win32_1.0.0.202111181127/tools/bin/../lib/gcc/arm-none-eabi/10.3.1/thumb/v7-m/nofp/crtn.o
 *(.fini)
 .fini          0x000000000800b1a4        0x4 d:/programs/stm32cubeide/stm32cubeide_1.0.2/stm32cubeide/plugins/com.st.stm32cube.ide.mcu.externaltools.gnu-tools-for-stm32.10.3-2021.10.win32_1.0.0.202111181127/tools/bin/../lib/gcc/arm-none-eabi/10.3.1/thumb/v7-m/nofp/crti.o
                0x000000000800b1a4                _fini
 .fini          0x000000000800b1a8        0x8 d:/programs/stm32cubeide/stm32cubeide_1.0.2/stm32cubeide/plugins/com.st.stm32cube.ide.mcu.externaltools.gnu-tools-for-stm32.10.3-2021.10.win32_1.0.0.202111181127/tools/bin/../lib/gcc/arm-none-eabi/10.3.1/thumb/v7-m/nofp/crtn.o
                0x000000000800b1b0                . = ALIGN (0x4)
                0x000000000800b1b0                _etext = .

.vfp11_veneer   0x000000000800b1b0        0x0
 .vfp11_veneer  0x000000000800b1b0        0x0 linker stubs

.v4_bx          0x000000000800b1b0        0x0
 .v4_bx         0x000000000800b1b0        0x0 linker stubs

.iplt           0x000000000800b1b0        0x0
 .iplt          0x000000000800b1b0        0x0 d:/programs/stm32cubeide/stm32cubeide_1.0.2/stm32cubeide/plugins/com.st.stm32cube.ide.mcu.externaltools.gnu-tools-for-stm32.10.3-2021.10.win32_1.0.0.202111181127/tools/bin/../lib/gcc/arm-none-eabi/10.3.1/thumb/v7-m/nofp/crtbegin.o

.rodata         0x000000000800b1b0      0x3d8
                0x000000000800b1b0                . = ALIGN (0x4)
 *(.rodata)
 .rodata        0x000000000800b1b0        0x5 ./Core/Src/LTC6811.o
 *fill*         0x000000000800b1b5        0x3 
 .rodata        0x000000000800b1b8       0x14 ./Core/Src/sub.o
 .rodata        0x000000000800b1cc       0x10 ./Drivers/STM32F1xx_HAL_Driver/Src/stm32f1xx_hal_rcc.o
 .rodata        0x000000000800b1dc       0x10 ./Drivers/STM32F1xx_HAL_Driver/Src/stm32f1xx_hal_rcc_ex.o
 *(.rodata*)
 .rodata.usOCV  0x000000000800b1ec       0xca ./Core/Src/sub.o
                0x000000000800b1ec                usOCV
 *fill*         0x000000000800b2b6        0x2 
 .rodata.ulTemp_Vol
                0x000000000800b2b8      0x284 ./Core/Src/sub.o
                0x000000000800b2b8                ulTemp_Vol
 .rodata.AHBPrescTable
                0x000000000800b53c       0x10 ./Core/Src/system_stm32f1xx.o
                0x000000000800b53c                AHBPrescTable
 .rodata.APBPrescTable
                0x000000000800b54c        0x8 ./Core/Src/system_stm32f1xx.o
                0x000000000800b54c                APBPrescTable
 .rodata._svfprintf_r.str1.1
                0x000000000800b554       0x11 d:/programs/stm32cubeide/stm32cubeide_1.0.2/stm32cubeide/plugins/com.st.stm32cube.ide.mcu.externaltools.gnu-tools-for-stm32.10.3-2021.10.win32_1.0.0.202111181127/tools/bin/../lib/gcc/arm-none-eabi/10.3.1/../../../../arm-none-eabi/lib/thumb/v7-m/nofp\libc_nano.a(lib_a-nano-svfprintf.o)
 .rodata._printf_i.str1.1
                0x000000000800b565       0x22 d:/programs/stm32cubeide/stm32cubeide_1.0.2/stm32cubeide/plugins/com.st.stm32cube.ide.mcu.externaltools.gnu-tools-for-stm32.10.3-2021.10.win32_1.0.0.202111181127/tools/bin/../lib/gcc/arm-none-eabi/10.3.1/../../../../arm-none-eabi/lib/thumb/v7-m/nofp\libc_nano.a(lib_a-nano-vfprintf_i.o)
                0x000000000800b588                . = ALIGN (0x4)
 *fill*         0x000000000800b587        0x1 

.rel.dyn        0x000000000800b588        0x0
 .rel.iplt      0x000000000800b588        0x0 d:/programs/stm32cubeide/stm32cubeide_1.0.2/stm32cubeide/plugins/com.st.stm32cube.ide.mcu.externaltools.gnu-tools-for-stm32.10.3-2021.10.win32_1.0.0.202111181127/tools/bin/../lib/gcc/arm-none-eabi/10.3.1/thumb/v7-m/nofp/crtbegin.o

.ARM.extab      0x000000000800b588        0x0
                0x000000000800b588                . = ALIGN (0x4)
 *(.ARM.extab* .gnu.linkonce.armextab.*)
                0x000000000800b588                . = ALIGN (0x4)

.ARM            0x000000000800b588        0x0
                0x000000000800b588                . = ALIGN (0x4)
                0x000000000800b588                __exidx_start = .
 *(.ARM.exidx*)
                0x000000000800b588                __exidx_end = .
                0x000000000800b588                . = ALIGN (0x4)

.preinit_array  0x000000000800b588        0x0
                0x000000000800b588                . = ALIGN (0x4)
                0x000000000800b588                PROVIDE (__preinit_array_start = .)
 *(.preinit_array*)
                0x000000000800b588                PROVIDE (__preinit_array_end = .)
                0x000000000800b588                . = ALIGN (0x4)

.init_array     0x000000000800b588        0x4
                0x000000000800b588                . = ALIGN (0x4)
                0x000000000800b588                PROVIDE (__init_array_start = .)
 *(SORT_BY_NAME(.init_array.*))
 *(.init_array*)
 .init_array    0x000000000800b588        0x4 d:/programs/stm32cubeide/stm32cubeide_1.0.2/stm32cubeide/plugins/com.st.stm32cube.ide.mcu.externaltools.gnu-tools-for-stm32.10.3-2021.10.win32_1.0.0.202111181127/tools/bin/../lib/gcc/arm-none-eabi/10.3.1/thumb/v7-m/nofp/crtbegin.o
                0x000000000800b58c                PROVIDE (__init_array_end = .)
                0x000000000800b58c                . = ALIGN (0x4)

.fini_array     0x000000000800b58c        0x4
                0x000000000800b58c                . = ALIGN (0x4)
                [!provide]                        PROVIDE (__fini_array_start = .)
 *(SORT_BY_NAME(.fini_array.*))
 *(.fini_array*)
 .fini_array    0x000000000800b58c        0x4 d:/programs/stm32cubeide/stm32cubeide_1.0.2/stm32cubeide/plugins/com.st.stm32cube.ide.mcu.externaltools.gnu-tools-for-stm32.10.3-2021.10.win32_1.0.0.202111181127/tools/bin/../lib/gcc/arm-none-eabi/10.3.1/thumb/v7-m/nofp/crtbegin.o
                [!provide]                        PROVIDE (__fini_array_end = .)
                0x000000000800b590                . = ALIGN (0x4)
                0x000000000800b590                _sidata = LOADADDR (.data)

.data           0x0000000020000000      0x270 load address 0x000000000800b590
                0x0000000020000000                . = ALIGN (0x4)
                0x0000000020000000                _sdata = .
 *(.data)
 *(.data*)
 .data.crc15Table
                0x0000000020000000      0x200 ./Core/Src/LTC6811.o
                0x0000000020000000                crc15Table
 .data.SystemCoreClock
                0x0000000020000200        0x4 ./Core/Src/system_stm32f1xx.o
                0x0000000020000200                SystemCoreClock
 .data.uwTickPrio
                0x0000000020000204        0x4 ./Drivers/STM32F1xx_HAL_Driver/Src/stm32f1xx_hal.o
                0x0000000020000204                uwTickPrio
 .data.uwTickFreq
                0x0000000020000208        0x1 ./Drivers/STM32F1xx_HAL_Driver/Src/stm32f1xx_hal.o
                0x0000000020000208                uwTickFreq
 *fill*         0x0000000020000209        0x3 
 .data._impure_ptr
                0x000000002000020c        0x4 d:/programs/stm32cubeide/stm32cubeide_1.0.2/stm32cubeide/plugins/com.st.stm32cube.ide.mcu.externaltools.gnu-tools-for-stm32.10.3-2021.10.win32_1.0.0.202111181127/tools/bin/../lib/gcc/arm-none-eabi/10.3.1/../../../../arm-none-eabi/lib/thumb/v7-m/nofp\libc_nano.a(lib_a-impure.o)
                0x000000002000020c                _impure_ptr
 .data.impure_data
                0x0000000020000210       0x60 d:/programs/stm32cubeide/stm32cubeide_1.0.2/stm32cubeide/plugins/com.st.stm32cube.ide.mcu.externaltools.gnu-tools-for-stm32.10.3-2021.10.win32_1.0.0.202111181127/tools/bin/../lib/gcc/arm-none-eabi/10.3.1/../../../../arm-none-eabi/lib/thumb/v7-m/nofp\libc_nano.a(lib_a-impure.o)
 *(.RamFunc)
 *(.RamFunc*)
                0x0000000020000270                . = ALIGN (0x4)
                0x0000000020000270                _edata = .

.igot.plt       0x0000000020000270        0x0 load address 0x000000000800b800
 .igot.plt      0x0000000020000270        0x0 d:/programs/stm32cubeide/stm32cubeide_1.0.2/stm32cubeide/plugins/com.st.stm32cube.ide.mcu.externaltools.gnu-tools-for-stm32.10.3-2021.10.win32_1.0.0.202111181127/tools/bin/../lib/gcc/arm-none-eabi/10.3.1/thumb/v7-m/nofp/crtbegin.o
                0x0000000020000270                . = ALIGN (0x4)

.bss            0x0000000020000270      0xe5c load address 0x000000000800b800
                0x0000000020000270                _sbss = .
                0x0000000020000270                __bss_start__ = _sbss
 *(.bss)
 .bss           0x0000000020000270       0x1c d:/programs/stm32cubeide/stm32cubeide_1.0.2/stm32cubeide/plugins/com.st.stm32cube.ide.mcu.externaltools.gnu-tools-for-stm32.10.3-2021.10.win32_1.0.0.202111181127/tools/bin/../lib/gcc/arm-none-eabi/10.3.1/thumb/v7-m/nofp/crtbegin.o
 *(.bss*)
 .bss.hadc1     0x000000002000028c       0x30 ./Core/Src/main.o
                0x000000002000028c                hadc1
 .bss.hdma_adc1
                0x00000000200002bc       0x44 ./Core/Src/main.o
                0x00000000200002bc                hdma_adc1
 .bss.hcan      0x0000000020000300       0x28 ./Core/Src/main.o
                0x0000000020000300                hcan
 .bss.hrtc      0x0000000020000328       0x14 ./Core/Src/main.o
                0x0000000020000328                hrtc
 .bss.hspi1     0x000000002000033c       0x58 ./Core/Src/main.o
                0x000000002000033c                hspi1
 .bss.hspi2     0x0000000020000394       0x58 ./Core/Src/main.o
                0x0000000020000394                hspi2
 .bss.huart1    0x00000000200003ec       0x44 ./Core/Src/main.o
                0x00000000200003ec                huart1
 .bss.un200_TxData
                0x0000000020000430        0x8 ./Core/Src/sub.o
                0x0000000020000430                un200_TxData
 .bss.un201_TxData
                0x0000000020000438        0x8 ./Core/Src/sub.o
                0x0000000020000438                un201_TxData
 .bss.un202_TxData
                0x0000000020000440        0x8 ./Core/Src/sub.o
                0x0000000020000440                un202_TxData
 .bss.un205_TxData
                0x0000000020000448        0x8 ./Core/Src/sub.o
                0x0000000020000448                un205_TxData
 .bss.un206_TxData
                0x0000000020000450        0x8 ./Core/Src/sub.o
                0x0000000020000450                un206_TxData
 .bss.un207_TxData
                0x0000000020000458        0x8 ./Core/Src/sub.o
                0x0000000020000458                un207_TxData
 .bss.un208_TxData
                0x0000000020000460        0x8 ./Core/Src/sub.o
                0x0000000020000460                un208_TxData
 .bss.un209_RxData
                0x0000000020000468        0x8 ./Core/Src/sub.o
                0x0000000020000468                un209_RxData
 .bss.un2f0_RxData
                0x0000000020000470        0x8 ./Core/Src/sub.o
                0x0000000020000470                un2f0_RxData
 .bss.un511_TxData
                0x0000000020000478        0x8 ./Core/Src/sub.o
                0x0000000020000478                un511_TxData
 .bss.un512_TxData
                0x0000000020000480        0x8 ./Core/Src/sub.o
                0x0000000020000480                un512_TxData
 .bss.un513_TxData
                0x0000000020000488        0x8 ./Core/Src/sub.o
                0x0000000020000488                un513_TxData
 .bss.un514_TxData
                0x0000000020000490        0x8 ./Core/Src/sub.o
                0x0000000020000490                un514_TxData
 .bss.un515_TxData
                0x0000000020000498        0x8 ./Core/Src/sub.o
                0x0000000020000498                un515_TxData
 .bss.un517_TxData
                0x00000000200004a0        0x8 ./Core/Src/sub.o
                0x00000000200004a0                un517_TxData
 .bss.unT_Flags
                0x00000000200004a8        0x1 ./Core/Src/sub.o
                0x00000000200004a8                unT_Flags
 .bss.ucPwrOffFlag
                0x00000000200004a9        0x1 ./Core/Src/sub.o
                0x00000000200004a9                ucPwrOffFlag
 *fill*         0x00000000200004aa        0x2 
 .bss.unInputPort
                0x00000000200004ac        0x1 ./Core/Src/sub.o
                0x00000000200004ac                unInputPort
 .bss.ucChtPower_On
                0x00000000200004ad        0x1 ./Core/Src/sub.o
                0x00000000200004ad                ucChtPower_On
 .bss.ucChtPower_Enalbe
                0x00000000200004ae        0x1 ./Core/Src/sub.o
                0x00000000200004ae                ucChtPower_Enalbe
 .bss.ucChtAC_On_Signal
                0x00000000200004af        0x1 ./Core/Src/sub.o
                0x00000000200004af                ucChtAC_On_Signal
 .bss.ucChtKey_On_Signal
                0x00000000200004b0        0x1 ./Core/Src/sub.o
                0x00000000200004b0                ucChtKey_On_Signal
 *fill*         0x00000000200004b1        0x3 
 .bss.unOutPutPort
                0x00000000200004b4        0x3 ./Core/Src/sub.o
                0x00000000200004b4                unOutPutPort
 .bss.ucLTC_WAIT_Count
                0x00000000200004b7        0x1 ./Core/Src/sub.o
                0x00000000200004b7                ucLTC_WAIT_Count
 .bss.ucBuzzer_Count
                0x00000000200004b8        0x1 ./Core/Src/sub.o
                0x00000000200004b8                ucBuzzer_Count
 .bss.ucChgLED_Count
                0x00000000200004b9        0x1 ./Core/Src/sub.o
                0x00000000200004b9                ucChgLED_Count
 .bss.usChargeStepTmr
                0x00000000200004ba        0x2 ./Core/Src/sub.o
                0x00000000200004ba                usChargeStepTmr
 .bss.Charge_Restart_cnt
                0x00000000200004bc        0x1 ./Core/Src/sub.o
                0x00000000200004bc                Charge_Restart_cnt
 *fill*         0x00000000200004bd        0x3 
 .bss.SleepMode_count
                0x00000000200004c0        0x4 ./Core/Src/sub.o
                0x00000000200004c0                SleepMode_count
 .bss.ucPWRoffSWCnt
                0x00000000200004c4        0x1 ./Core/Src/sub.o
                0x00000000200004c4                ucPWRoffSWCnt
 .bss.ucSocTimerCnt
                0x00000000200004c5        0x1 ./Core/Src/sub.o
                0x00000000200004c5                ucSocTimerCnt
 *fill*         0x00000000200004c6        0x2 
 .bss.ulP_Interval_timer
                0x00000000200004c8        0x4 ./Core/Src/sub.o
                0x00000000200004c8                ulP_Interval_timer
 .bss.usCellBalanceCnt
                0x00000000200004cc        0x2 ./Core/Src/sub.o
                0x00000000200004cc                usCellBalanceCnt
 .bss.CAN_100ms_Count
                0x00000000200004ce        0x1 ./Core/Src/sub.o
                0x00000000200004ce                CAN_100ms_Count
 *fill*         0x00000000200004cf        0x1 
 .bss.usChgModeTimerCnt
                0x00000000200004d0        0x2 ./Core/Src/sub.o
                0x00000000200004d0                usChgModeTimerCnt
 .bss.usIBPerrTmr
                0x00000000200004d2        0x2 ./Core/Src/sub.o
                0x00000000200004d2                usIBPerrTmr
 .bss.usDCHG_CUVPtmr
                0x00000000200004d4        0x2 ./Core/Src/sub.o
                0x00000000200004d4                usDCHG_CUVPtmr
 .bss.usDCHG_OCPtmr
                0x00000000200004d6        0x2 ./Core/Src/sub.o
                0x00000000200004d6                usDCHG_OCPtmr
 .bss.usDCHG_UVPtmr
                0x00000000200004d8        0x2 ./Core/Src/sub.o
                0x00000000200004d8                usDCHG_UVPtmr
 .bss.usCHG_POVRtmr
                0x00000000200004da        0x2 ./Core/Src/sub.o
                0x00000000200004da                usCHG_POVRtmr
 .bss.usCHG_OVRtmr
                0x00000000200004dc        0x2 ./Core/Src/sub.o
                0x00000000200004dc                usCHG_OVRtmr
 .bss.ucCanTxTimer
                0x00000000200004de        0x1 ./Core/Src/sub.o
                0x00000000200004de                ucCanTxTimer
 *fill*         0x00000000200004df        0x1 
 .bss.unTxMailbox
                0x00000000200004e0        0x4 ./Core/Src/sub.o
                0x00000000200004e0                unTxMailbox
 .bss.usVCU_RelayCommandCnt
                0x00000000200004e4        0x2 ./Core/Src/sub.o
                0x00000000200004e4                usVCU_RelayCommandCnt
 .bss.VCU_RelayCommandFlag
                0x00000000200004e6        0x1 ./Core/Src/sub.o
                0x00000000200004e6                VCU_RelayCommandFlag
 *fill*         0x00000000200004e7        0x1 
 .bss.ucVCU_RelayCommandBuf
                0x00000000200004e8        0x6 ./Core/Src/sub.o
                0x00000000200004e8                ucVCU_RelayCommandBuf
 .bss.ucChargeStep
                0x00000000200004ee        0x1 ./Core/Src/sub.o
                0x00000000200004ee                ucChargeStep
 *fill*         0x00000000200004ef        0x1 
 .bss.usCellVolBuf
                0x00000000200004f0      0x1b0 ./Core/Src/sub.o
                0x00000000200004f0                usCellVolBuf
 .bss.ulCellVolTot
                0x00000000200006a0       0x60 ./Core/Src/sub.o
                0x00000000200006a0                ulCellVolTot
 .bss.usCellVolAvg
                0x0000000020000700       0x30 ./Core/Src/sub.o
                0x0000000020000700                usCellVolAvg
 .bss.usCellTempBuf
                0x0000000020000730       0x14 ./Core/Src/sub.o
                0x0000000020000730                usCellTempBuf
 .bss.ulCellTempTot
                0x0000000020000744        0x8 ./Core/Src/sub.o
                0x0000000020000744                ulCellTempTot
 .bss.usCellTempAvg
                0x000000002000074c        0x4 ./Core/Src/sub.o
                0x000000002000074c                usCellTempAvg
 .bss.ulSum_Vol
                0x0000000020000750        0x4 ./Core/Src/sub.o
                0x0000000020000750                ulSum_Vol
 .bss.lSumAh    0x0000000020000754        0x4 ./Core/Src/sub.o
                0x0000000020000754                lSumAh
 .bss.lRemAsec  0x0000000020000758        0x4 ./Core/Src/sub.o
                0x0000000020000758                lRemAsec
 .bss.ulChargeCurrAdcBuf
                0x000000002000075c       0x12 ./Core/Src/sub.o
                0x000000002000075c                ulChargeCurrAdcBuf
 *fill*         0x000000002000076e        0x2 
 .bss.ulChargeCurrAdcTot
                0x0000000020000770        0x4 ./Core/Src/sub.o
                0x0000000020000770                ulChargeCurrAdcTot
 .bss.ulChargeCurrAdcAvg
                0x0000000020000774        0x4 ./Core/Src/sub.o
                0x0000000020000774                ulChargeCurrAdcAvg
 .bss.ulDischargeCurrAdcBuf
                0x0000000020000778       0x12 ./Core/Src/sub.o
                0x0000000020000778                ulDischargeCurrAdcBuf
 *fill*         0x000000002000078a        0x2 
 .bss.ulDischargeCurrAdcTot
                0x000000002000078c        0x4 ./Core/Src/sub.o
                0x000000002000078c                ulDischargeCurrAdcTot
 .bss.ulDischargeCurrAdcAvg
                0x0000000020000790        0x4 ./Core/Src/sub.o
                0x0000000020000790                ulDischargeCurrAdcAvg
 .bss.usChargeCurrent
                0x0000000020000794        0x2 ./Core/Src/sub.o
                0x0000000020000794                usChargeCurrent
 .bss.usDischargeCurrent
                0x0000000020000796        0x2 ./Core/Src/sub.o
                0x0000000020000796                usDischargeCurrent
 .bss.ADC_CONVERSION_MODE
                0x0000000020000798        0x1 ./Core/Src/sub.o
                0x0000000020000798                ADC_CONVERSION_MODE
 .bss.ADC_DCP   0x0000000020000799        0x1 ./Core/Src/sub.o
                0x0000000020000799                ADC_DCP
 *fill*         0x000000002000079a        0x2 
 .bss.TxHeader  0x000000002000079c       0x18 ./Core/Src/sub.o
                0x000000002000079c                TxHeader
 .bss.RxHeader  0x00000000200007b4       0x1c ./Core/Src/sub.o
                0x00000000200007b4                RxHeader
 .bss.ucTxData  0x00000000200007d0        0x8 ./Core/Src/sub.o
                0x00000000200007d0                ucTxData
 .bss.ucRxData  0x00000000200007d8        0x8 ./Core/Src/sub.o
                0x00000000200007d8                ucRxData
 .bss.DataAssign_step
                0x00000000200007e0        0x1 ./Core/Src/sub.o
                0x00000000200007e0                DataAssign_step
 *fill*         0x00000000200007e1        0x3 
 .bss.ucpUartRx1Buf
                0x00000000200007e4       0x10 ./Core/Src/sub.o
                0x00000000200007e4                ucpUartRx1Buf
 .bss.bms_ic    0x00000000200007f4      0x1c0 ./Core/Src/sub.o
                0x00000000200007f4                bms_ic
 .bss.unFlashData
                0x00000000200009b4       0x44 ./Core/Src/sub.o
                0x00000000200009b4                unFlashData
 .bss.CELL_COUNT
                0x00000000200009f8        0x2 ./Core/Src/sub.o
                0x00000000200009f8                CELL_COUNT
 .bss.AMPERE_HOUR
                0x00000000200009fa        0x2 ./Core/Src/sub.o
                0x00000000200009fa                AMPERE_HOUR
 .bss.OVER_VOL_ERR
                0x00000000200009fc        0x2 ./Core/Src/sub.o
                0x00000000200009fc                OVER_VOL_ERR
 .bss.OVER_VOL_WARN
                0x00000000200009fe        0x2 ./Core/Src/sub.o
                0x00000000200009fe                OVER_VOL_WARN
 .bss.UNDER_VOL_WARN
                0x0000000020000a00        0x2 ./Core/Src/sub.o
                0x0000000020000a00                UNDER_VOL_WARN
 .bss.UNDER_VOL_ERR
                0x0000000020000a02        0x2 ./Core/Src/sub.o
                0x0000000020000a02                UNDER_VOL_ERR
 .bss.CHG_OVER_TEMP_ERR
                0x0000000020000a04        0x2 ./Core/Src/sub.o
                0x0000000020000a04                CHG_OVER_TEMP_ERR
 .bss.CHG_OVER_TEMP_WARN
                0x0000000020000a06        0x2 ./Core/Src/sub.o
                0x0000000020000a06                CHG_OVER_TEMP_WARN
 .bss.CHG_UNDER_TEMP_WARN
                0x0000000020000a08        0x2 ./Core/Src/sub.o
                0x0000000020000a08                CHG_UNDER_TEMP_WARN
 .bss.CHG_UNDER_TEMP_ERR
                0x0000000020000a0a        0x2 ./Core/Src/sub.o
                0x0000000020000a0a                CHG_UNDER_TEMP_ERR
 .bss.DSC_OVER_TEMP_ERR
                0x0000000020000a0c        0x2 ./Core/Src/sub.o
                0x0000000020000a0c                DSC_OVER_TEMP_ERR
 .bss.DSC_OVER_TEMP_WARN
                0x0000000020000a0e        0x2 ./Core/Src/sub.o
                0x0000000020000a0e                DSC_OVER_TEMP_WARN
 .bss.DSC_UNDER_TEMP_WARN
                0x0000000020000a10        0x2 ./Core/Src/sub.o
                0x0000000020000a10                DSC_UNDER_TEMP_WARN
 .bss.DSC_UNDER_TEMP_ERR
                0x0000000020000a12        0x2 ./Core/Src/sub.o
                0x0000000020000a12                DSC_UNDER_TEMP_ERR
 .bss.CHG_OVER_CURR_WARN
                0x0000000020000a14        0x2 ./Core/Src/sub.o
                0x0000000020000a14                CHG_OVER_CURR_WARN
 .bss.CHG_OVER_CURR_ERR
                0x0000000020000a16        0x2 ./Core/Src/sub.o
                0x0000000020000a16                CHG_OVER_CURR_ERR
 .bss.DSC_OVER_CURR_WARN
                0x0000000020000a18        0x2 ./Core/Src/sub.o
                0x0000000020000a18                DSC_OVER_CURR_WARN
 .bss.DSC_OVER_CURR_ERR
                0x0000000020000a1a        0x2 ./Core/Src/sub.o
                0x0000000020000a1a                DSC_OVER_CURR_ERR
 .bss.VOL_IBP_WARN
                0x0000000020000a1c        0x2 ./Core/Src/sub.o
                0x0000000020000a1c                VOL_IBP_WARN
 .bss.VOL_IBP_ERR
                0x0000000020000a1e        0x2 ./Core/Src/sub.o
                0x0000000020000a1e                VOL_IBP_ERR
 .bss.BALANCE_RANGE
                0x0000000020000a20        0x2 ./Core/Src/sub.o
                0x0000000020000a20                BALANCE_RANGE
 .bss.Balancing_Hysteresis
                0x0000000020000a22        0x2 ./Core/Src/sub.o
                0x0000000020000a22                Balancing_Hysteresis
 .bss.unRom     0x0000000020000a24      0x640 ./Core/Src/sub.o
                0x0000000020000a24                unRom
 .bss.SettingmodeFlag
                0x0000000020001064        0x1 ./Core/Src/sub.o
                0x0000000020001064                SettingmodeFlag
 .bss.SavemodeFlag
                0x0000000020001065        0x1 ./Core/Src/sub.o
                0x0000000020001065                SavemodeFlag
 *fill*         0x0000000020001066        0x2 
 .bss.DateToUpdate
                0x0000000020001068        0x4 ./Core/Src/sub.o
                0x0000000020001068                DateToUpdate
 .bss.sTime     0x000000002000106c        0x3 ./Core/Src/sub.o
                0x000000002000106c                sTime
 .bss.usTimeUpdateTmr
                0x000000002000106f        0x1 ./Core/Src/sub.o
                0x000000002000106f                usTimeUpdateTmr
 .bss.flash_ststus
                0x0000000020001070        0x1 ./Core/Src/sub.o
                0x0000000020001070                flash_ststus
 *fill*         0x0000000020001071        0x3 
 .bss.flash_cmd
                0x0000000020001074        0x5 ./Core/Src/sub.o
                0x0000000020001074                flash_cmd
 *fill*         0x0000000020001079        0x3 
 .bss.ErrBuffer
                0x000000002000107c        0x2 ./Core/Src/sub.o
                0x000000002000107c                ErrBuffer
 .bss.ulErrlogTmr
                0x000000002000107e        0x2 ./Core/Src/sub.o
                0x000000002000107e                ulErrlogTmr
 .bss.unSettingModeRx
                0x0000000020001080        0x2 ./Core/Src/sub.o
                0x0000000020001080                unSettingModeRx
 *fill*         0x0000000020001082        0x2 
 .bss.unSaveCMDRx
                0x0000000020001084        0x2 ./Core/Src/sub.o
                0x0000000020001084                unSaveCMDRx
 *fill*         0x0000000020001086        0x2 
 .bss.unSettingBit
                0x0000000020001088        0x8 ./Core/Src/sub.o
                0x0000000020001088                unSettingBit
 .bss.unSettingUpDown
                0x0000000020001090        0x2 ./Core/Src/sub.o
                0x0000000020001090                unSettingUpDown
 *fill*         0x0000000020001092        0x2 
 .bss.un3FBValueFeedback
                0x0000000020001094        0x8 ./Core/Src/sub.o
                0x0000000020001094                un3FBValueFeedback
 .bss.un3FCValueFeedback
                0x000000002000109c        0x8 ./Core/Src/sub.o
                0x000000002000109c                un3FCValueFeedback
 .bss.un3FD_ErrDisplay1
                0x00000000200010a4        0x8 ./Core/Src/sub.o
                0x00000000200010a4                un3FD_ErrDisplay1
 .bss.un3FE_ErrDisplay2
                0x00000000200010ac        0x8 ./Core/Src/sub.o
                0x00000000200010ac                un3FE_ErrDisplay2
 .bss.heap_end.0
                0x00000000200010b4        0x4 ./Core/Src/sysmem.o
 .bss.__lock___malloc_recursive_mutex
                0x00000000200010b8        0x2 ./Core/ThreadSafe/newlib_lock_glue.o
                0x00000000200010b8                __lock___malloc_recursive_mutex
 *fill*         0x00000000200010ba        0x2 
 .bss.uwTick    0x00000000200010bc        0x4 ./Drivers/STM32F1xx_HAL_Driver/Src/stm32f1xx_hal.o
                0x00000000200010bc                uwTick
 .bss.__malloc_free_list
                0x00000000200010c0        0x4 d:/programs/stm32cubeide/stm32cubeide_1.0.2/stm32cubeide/plugins/com.st.stm32cube.ide.mcu.externaltools.gnu-tools-for-stm32.10.3-2021.10.win32_1.0.0.202111181127/tools/bin/../lib/gcc/arm-none-eabi/10.3.1/../../../../arm-none-eabi/lib/thumb/v7-m/nofp\libc_nano.a(lib_a-nano-mallocr.o)
                0x00000000200010c0                __malloc_free_list
 .bss.__malloc_sbrk_start
                0x00000000200010c4        0x4 d:/programs/stm32cubeide/stm32cubeide_1.0.2/stm32cubeide/plugins/com.st.stm32cube.ide.mcu.externaltools.gnu-tools-for-stm32.10.3-2021.10.win32_1.0.0.202111181127/tools/bin/../lib/gcc/arm-none-eabi/10.3.1/../../../../arm-none-eabi/lib/thumb/v7-m/nofp\libc_nano.a(lib_a-nano-mallocr.o)
                0x00000000200010c4                __malloc_sbrk_start
 .bss.errno     0x00000000200010c8        0x4 d:/programs/stm32cubeide/stm32cubeide_1.0.2/stm32cubeide/plugins/com.st.stm32cube.ide.mcu.externaltools.gnu-tools-for-stm32.10.3-2021.10.win32_1.0.0.202111181127/tools/bin/../lib/gcc/arm-none-eabi/10.3.1/../../../../arm-none-eabi/lib/thumb/v7-m/nofp\libc_nano.a(lib_a-reent.o)
                0x00000000200010c8                errno
 *(COMMON)
                0x00000000200010cc                . = ALIGN (0x4)
                0x00000000200010cc                _ebss = .
                0x00000000200010cc                __bss_end__ = _ebss

._user_heap_stack
                0x00000000200010cc      0x604 load address 0x000000000800b800
                0x00000000200010d0                . = ALIGN (0x8)
 *fill*         0x00000000200010cc        0x4 
                0x00000000200010d0                PROVIDE (end = .)
                [!provide]                        PROVIDE (_end = .)
                0x00000000200012d0                . = (. + _Min_Heap_Size)
 *fill*         0x00000000200010d0      0x200 
                0x00000000200016d0                . = (. + _Min_Stack_Size)
 *fill*         0x00000000200012d0      0x400 
                0x00000000200016d0                . = ALIGN (0x8)

/DISCARD/
 libc.a(*)
 libm.a(*)
 libgcc.a(*)

.ARM.attributes
                0x0000000000000000       0x29
 *(.ARM.attributes)
 .ARM.attributes
                0x0000000000000000       0x1d d:/programs/stm32cubeide/stm32cubeide_1.0.2/stm32cubeide/plugins/com.st.stm32cube.ide.mcu.externaltools.gnu-tools-for-stm32.10.3-2021.10.win32_1.0.0.202111181127/tools/bin/../lib/gcc/arm-none-eabi/10.3.1/thumb/v7-m/nofp/crti.o
 .ARM.attributes
                0x000000000000001d       0x2d d:/programs/stm32cubeide/stm32cubeide_1.0.2/stm32cubeide/plugins/com.st.stm32cube.ide.mcu.externaltools.gnu-tools-for-stm32.10.3-2021.10.win32_1.0.0.202111181127/tools/bin/../lib/gcc/arm-none-eabi/10.3.1/thumb/v7-m/nofp/crtbegin.o
 .ARM.attributes
                0x000000000000004a       0x2d ./Core/Src/Charge.o
 .ARM.attributes
                0x0000000000000077       0x2d ./Core/Src/LTC6811.o
 .ARM.attributes
                0x00000000000000a4       0x2d ./Core/Src/SettingMode.o
 .ARM.attributes
                0x00000000000000d1       0x2d ./Core/Src/callback.o
 .ARM.attributes
                0x00000000000000fe       0x2d ./Core/Src/main.o
 .ARM.attributes
                0x000000000000012b       0x2d ./Core/Src/portio_BMS2.4.o
 .ARM.attributes
                0x0000000000000158       0x2d ./Core/Src/stm32f1xx_hal_msp.o
 .ARM.attributes
                0x0000000000000185       0x2d ./Core/Src/stm32f1xx_it.o
 .ARM.attributes
                0x00000000000001b2       0x2d ./Core/Src/sub.o
 .ARM.attributes
                0x00000000000001df       0x2d ./Core/Src/sysmem.o
 .ARM.attributes
                0x000000000000020c       0x2d ./Core/Src/system_stm32f1xx.o
 .ARM.attributes
                0x0000000000000239       0x2d ./Core/Src/warnerr.o
 .ARM.attributes
                0x0000000000000266       0x21 ./Core/Startup/startup_stm32f103rctx.o
 .ARM.attributes
                0x0000000000000287       0x2d ./Core/ThreadSafe/newlib_lock_glue.o
 .ARM.attributes
                0x00000000000002b4       0x2d ./Drivers/STM32F1xx_HAL_Driver/Src/stm32f1xx_hal.o
 .ARM.attributes
                0x00000000000002e1       0x2d ./Drivers/STM32F1xx_HAL_Driver/Src/stm32f1xx_hal_adc.o
 .ARM.attributes
                0x000000000000030e       0x2d ./Drivers/STM32F1xx_HAL_Driver/Src/stm32f1xx_hal_adc_ex.o
 .ARM.attributes
                0x000000000000033b       0x2d ./Drivers/STM32F1xx_HAL_Driver/Src/stm32f1xx_hal_can.o
 .ARM.attributes
                0x0000000000000368       0x2d ./Drivers/STM32F1xx_HAL_Driver/Src/stm32f1xx_hal_cortex.o
 .ARM.attributes
                0x0000000000000395       0x2d ./Drivers/STM32F1xx_HAL_Driver/Src/stm32f1xx_hal_dma.o
 .ARM.attributes
                0x00000000000003c2       0x2d ./Drivers/STM32F1xx_HAL_Driver/Src/stm32f1xx_hal_gpio.o
 .ARM.attributes
                0x00000000000003ef       0x2d ./Drivers/STM32F1xx_HAL_Driver/Src/stm32f1xx_hal_pwr.o
 .ARM.attributes
                0x000000000000041c       0x2d ./Drivers/STM32F1xx_HAL_Driver/Src/stm32f1xx_hal_rcc.o
 .ARM.attributes
                0x0000000000000449       0x2d ./Drivers/STM32F1xx_HAL_Driver/Src/stm32f1xx_hal_rcc_ex.o
 .ARM.attributes
                0x0000000000000476       0x2d ./Drivers/STM32F1xx_HAL_Driver/Src/stm32f1xx_hal_rtc.o
 .ARM.attributes
                0x00000000000004a3       0x2d ./Drivers/STM32F1xx_HAL_Driver/Src/stm32f1xx_hal_spi.o
 .ARM.attributes
                0x00000000000004d0       0x2d ./Drivers/STM32F1xx_HAL_Driver/Src/stm32f1xx_hal_uart.o
 .ARM.attributes
                0x00000000000004fd       0x2d d:/programs/stm32cubeide/stm32cubeide_1.0.2/stm32cubeide/plugins/com.st.stm32cube.ide.mcu.externaltools.gnu-tools-for-stm32.10.3-2021.10.win32_1.0.0.202111181127/tools/bin/../lib/gcc/arm-none-eabi/10.3.1/../../../../arm-none-eabi/lib/thumb/v7-m/nofp\libc_nano.a(lib_a-errno.o)
 .ARM.attributes
                0x000000000000052a       0x2d d:/programs/stm32cubeide/stm32cubeide_1.0.2/stm32cubeide/plugins/com.st.stm32cube.ide.mcu.externaltools.gnu-tools-for-stm32.10.3-2021.10.win32_1.0.0.202111181127/tools/bin/../lib/gcc/arm-none-eabi/10.3.1/../../../../arm-none-eabi/lib/thumb/v7-m/nofp\libc_nano.a(lib_a-impure.o)
 .ARM.attributes
                0x0000000000000557       0x2d d:/programs/stm32cubeide/stm32cubeide_1.0.2/stm32cubeide/plugins/com.st.stm32cube.ide.mcu.externaltools.gnu-tools-for-stm32.10.3-2021.10.win32_1.0.0.202111181127/tools/bin/../lib/gcc/arm-none-eabi/10.3.1/../../../../arm-none-eabi/lib/thumb/v7-m/nofp\libc_nano.a(lib_a-init.o)
 .ARM.attributes
                0x0000000000000584       0x2d d:/programs/stm32cubeide/stm32cubeide_1.0.2/stm32cubeide/plugins/com.st.stm32cube.ide.mcu.externaltools.gnu-tools-for-stm32.10.3-2021.10.win32_1.0.0.202111181127/tools/bin/../lib/gcc/arm-none-eabi/10.3.1/../../../../arm-none-eabi/lib/thumb/v7-m/nofp\libc_nano.a(lib_a-malloc.o)
 .ARM.attributes
                0x00000000000005b1       0x2d d:/programs/stm32cubeide/stm32cubeide_1.0.2/stm32cubeide/plugins/com.st.stm32cube.ide.mcu.externaltools.gnu-tools-for-stm32.10.3-2021.10.win32_1.0.0.202111181127/tools/bin/../lib/gcc/arm-none-eabi/10.3.1/../../../../arm-none-eabi/lib/thumb/v7-m/nofp\libc_nano.a(lib_a-memset.o)
 .ARM.attributes
                0x00000000000005de       0x2d d:/programs/stm32cubeide/stm32cubeide_1.0.2/stm32cubeide/plugins/com.st.stm32cube.ide.mcu.externaltools.gnu-tools-for-stm32.10.3-2021.10.win32_1.0.0.202111181127/tools/bin/../lib/gcc/arm-none-eabi/10.3.1/../../../../arm-none-eabi/lib/thumb/v7-m/nofp\libc_nano.a(lib_a-nano-freer.o)
 .ARM.attributes
                0x000000000000060b       0x2d d:/programs/stm32cubeide/stm32cubeide_1.0.2/stm32cubeide/plugins/com.st.stm32cube.ide.mcu.externaltools.gnu-tools-for-stm32.10.3-2021.10.win32_1.0.0.202111181127/tools/bin/../lib/gcc/arm-none-eabi/10.3.1/../../../../arm-none-eabi/lib/thumb/v7-m/nofp\libc_nano.a(lib_a-nano-mallocr.o)
 .ARM.attributes
                0x0000000000000638       0x2d d:/programs/stm32cubeide/stm32cubeide_1.0.2/stm32cubeide/plugins/com.st.stm32cube.ide.mcu.externaltools.gnu-tools-for-stm32.10.3-2021.10.win32_1.0.0.202111181127/tools/bin/../lib/gcc/arm-none-eabi/10.3.1/../../../../arm-none-eabi/lib/thumb/v7-m/nofp\libc_nano.a(lib_a-sbrkr.o)
 .ARM.attributes
                0x0000000000000665       0x2d d:/programs/stm32cubeide/stm32cubeide_1.0.2/stm32cubeide/plugins/com.st.stm32cube.ide.mcu.externaltools.gnu-tools-for-stm32.10.3-2021.10.win32_1.0.0.202111181127/tools/bin/../lib/gcc/arm-none-eabi/10.3.1/../../../../arm-none-eabi/lib/thumb/v7-m/nofp\libc_nano.a(lib_a-sprintf.o)
 .ARM.attributes
                0x0000000000000692       0x17 d:/programs/stm32cubeide/stm32cubeide_1.0.2/stm32cubeide/plugins/com.st.stm32cube.ide.mcu.externaltools.gnu-tools-for-stm32.10.3-2021.10.win32_1.0.0.202111181127/tools/bin/../lib/gcc/arm-none-eabi/10.3.1/../../../../arm-none-eabi/lib/thumb/v7-m/nofp\libc_nano.a(lib_a-strlen.o)
 .ARM.attributes
                0x00000000000006a9       0x2d d:/programs/stm32cubeide/stm32cubeide_1.0.2/stm32cubeide/plugins/com.st.stm32cube.ide.mcu.externaltools.gnu-tools-for-stm32.10.3-2021.10.win32_1.0.0.202111181127/tools/bin/../lib/gcc/arm-none-eabi/10.3.1/../../../../arm-none-eabi/lib/thumb/v7-m/nofp\libc_nano.a(lib_a-mlock.o)
 .ARM.attributes
                0x00000000000006d6       0x2d d:/programs/stm32cubeide/stm32cubeide_1.0.2/stm32cubeide/plugins/com.st.stm32cube.ide.mcu.externaltools.gnu-tools-for-stm32.10.3-2021.10.win32_1.0.0.202111181127/tools/bin/../lib/gcc/arm-none-eabi/10.3.1/../../../../arm-none-eabi/lib/thumb/v7-m/nofp\libc_nano.a(lib_a-nano-svfprintf.o)
 .ARM.attributes
                0x0000000000000703       0x2d d:/programs/stm32cubeide/stm32cubeide_1.0.2/stm32cubeide/plugins/com.st.stm32cube.ide.mcu.externaltools.gnu-tools-for-stm32.10.3-2021.10.win32_1.0.0.202111181127/tools/bin/../lib/gcc/arm-none-eabi/10.3.1/../../../../arm-none-eabi/lib/thumb/v7-m/nofp\libc_nano.a(lib_a-nano-vfprintf_i.o)
 .ARM.attributes
                0x0000000000000730       0x2d d:/programs/stm32cubeide/stm32cubeide_1.0.2/stm32cubeide/plugins/com.st.stm32cube.ide.mcu.externaltools.gnu-tools-for-stm32.10.3-2021.10.win32_1.0.0.202111181127/tools/bin/../lib/gcc/arm-none-eabi/10.3.1/../../../../arm-none-eabi/lib/thumb/v7-m/nofp\libc_nano.a(lib_a-reent.o)
 .ARM.attributes
                0x000000000000075d       0x2d d:/programs/stm32cubeide/stm32cubeide_1.0.2/stm32cubeide/plugins/com.st.stm32cube.ide.mcu.externaltools.gnu-tools-for-stm32.10.3-2021.10.win32_1.0.0.202111181127/tools/bin/../lib/gcc/arm-none-eabi/10.3.1/../../../../arm-none-eabi/lib/thumb/v7-m/nofp\libc_nano.a(lib_a-memchr-stub.o)
 .ARM.attributes
                0x000000000000078a       0x2d d:/programs/stm32cubeide/stm32cubeide_1.0.2/stm32cubeide/plugins/com.st.stm32cube.ide.mcu.externaltools.gnu-tools-for-stm32.10.3-2021.10.win32_1.0.0.202111181127/tools/bin/../lib/gcc/arm-none-eabi/10.3.1/../../../../arm-none-eabi/lib/thumb/v7-m/nofp\libc_nano.a(lib_a-memcpy-stub.o)
 .ARM.attributes
                0x00000000000007b7       0x2d d:/programs/stm32cubeide/stm32cubeide_1.0.2/stm32cubeide/plugins/com.st.stm32cube.ide.mcu.externaltools.gnu-tools-for-stm32.10.3-2021.10.win32_1.0.0.202111181127/tools/bin/../lib/gcc/arm-none-eabi/10.3.1/../../../../arm-none-eabi/lib/thumb/v7-m/nofp\libc_nano.a(lib_a-memmove.o)
 .ARM.attributes
                0x00000000000007e4       0x2d d:/programs/stm32cubeide/stm32cubeide_1.0.2/stm32cubeide/plugins/com.st.stm32cube.ide.mcu.externaltools.gnu-tools-for-stm32.10.3-2021.10.win32_1.0.0.202111181127/tools/bin/../lib/gcc/arm-none-eabi/10.3.1/../../../../arm-none-eabi/lib/thumb/v7-m/nofp\libc_nano.a(lib_a-nano-reallocr.o)
 .ARM.attributes
                0x0000000000000811       0x2d d:/programs/stm32cubeide/stm32cubeide_1.0.2/stm32cubeide/plugins/com.st.stm32cube.ide.mcu.externaltools.gnu-tools-for-stm32.10.3-2021.10.win32_1.0.0.202111181127/tools/bin/../lib/gcc/arm-none-eabi/10.3.1/../../../../arm-none-eabi/lib/thumb/v7-m/nofp\libc_nano.a(lib_a-nano-msizer.o)
 .ARM.attributes
                0x000000000000083e       0x1d d:/programs/stm32cubeide/stm32cubeide_1.0.2/stm32cubeide/plugins/com.st.stm32cube.ide.mcu.externaltools.gnu-tools-for-stm32.10.3-2021.10.win32_1.0.0.202111181127/tools/bin/../lib/gcc/arm-none-eabi/10.3.1/thumb/v7-m/nofp/crtn.o
OUTPUT(m-BMS3.23V.elf elf32-littlearm)
LOAD linker stubs
LOAD d:/programs/stm32cubeide/stm32cubeide_1.0.2/stm32cubeide/plugins/com.st.stm32cube.ide.mcu.externaltools.gnu-tools-for-stm32.10.3-2021.10.win32_1.0.0.202111181127/tools/bin/../lib/gcc/arm-none-eabi/10.3.1/../../../../arm-none-eabi/lib/thumb/v7-m/nofp\libc.a
LOAD d:/programs/stm32cubeide/stm32cubeide_1.0.2/stm32cubeide/plugins/com.st.stm32cube.ide.mcu.externaltools.gnu-tools-for-stm32.10.3-2021.10.win32_1.0.0.202111181127/tools/bin/../lib/gcc/arm-none-eabi/10.3.1/../../../../arm-none-eabi/lib/thumb/v7-m/nofp\libm.a
LOAD d:/programs/stm32cubeide/stm32cubeide_1.0.2/stm32cubeide/plugins/com.st.stm32cube.ide.mcu.externaltools.gnu-tools-for-stm32.10.3-2021.10.win32_1.0.0.202111181127/tools/bin/../lib/gcc/arm-none-eabi/10.3.1/thumb/v7-m/nofp\libgcc.a

.debug_info     0x0000000000000000    0x17972
 .debug_info    0x0000000000000000      0x3c9 ./Core/Src/Charge.o
 .debug_info    0x00000000000003c9     0x2139 ./Core/Src/LTC6811.o
 .debug_info    0x0000000000002502     0x1ab0 ./Core/Src/SettingMode.o
 .debug_info    0x0000000000003fb2     0x10ee ./Core/Src/callback.o
 .debug_info    0x00000000000050a0     0x1ce3 ./Core/Src/main.o
 .debug_info    0x0000000000006d83      0x564 ./Core/Src/portio_BMS2.4.o
 .debug_info    0x00000000000072e7     0x1756 ./Core/Src/stm32f1xx_hal_msp.o
 .debug_info    0x0000000000008a3d      0x8d8 ./Core/Src/stm32f1xx_it.o
 .debug_info    0x0000000000009315     0x3d33 ./Core/Src/sub.o
 .debug_info    0x000000000000d048      0x105 ./Core/Src/sysmem.o
 .debug_info    0x000000000000d14d      0x3f8 ./Core/Src/system_stm32f1xx.o
 .debug_info    0x000000000000d545      0x711 ./Core/Src/warnerr.o
 .debug_info    0x000000000000dc56       0x22 ./Core/Startup/startup_stm32f103rctx.o
 .debug_info    0x000000000000dc78      0x73d ./Core/ThreadSafe/newlib_lock_glue.o
 .debug_info    0x000000000000e3b5      0x79a ./Drivers/STM32F1xx_HAL_Driver/Src/stm32f1xx_hal.o
 .debug_info    0x000000000000eb4f      0xcd9 ./Drivers/STM32F1xx_HAL_Driver/Src/stm32f1xx_hal_adc.o
 .debug_info    0x000000000000f828      0xa8f ./Drivers/STM32F1xx_HAL_Driver/Src/stm32f1xx_hal_adc_ex.o
 .debug_info    0x00000000000102b7      0xfd8 ./Drivers/STM32F1xx_HAL_Driver/Src/stm32f1xx_hal_can.o
 .debug_info    0x000000000001128f      0xb86 ./Drivers/STM32F1xx_HAL_Driver/Src/stm32f1xx_hal_cortex.o
 .debug_info    0x0000000000011e15      0x73f ./Drivers/STM32F1xx_HAL_Driver/Src/stm32f1xx_hal_dma.o
 .debug_info    0x0000000000012554      0x615 ./Drivers/STM32F1xx_HAL_Driver/Src/stm32f1xx_hal_gpio.o
 .debug_info    0x0000000000012b69      0x65c ./Drivers/STM32F1xx_HAL_Driver/Src/stm32f1xx_hal_pwr.o
 .debug_info    0x00000000000131c5      0x860 ./Drivers/STM32F1xx_HAL_Driver/Src/stm32f1xx_hal_rcc.o
 .debug_info    0x0000000000013a25      0x409 ./Drivers/STM32F1xx_HAL_Driver/Src/stm32f1xx_hal_rcc_ex.o
 .debug_info    0x0000000000013e2e      0xf06 ./Drivers/STM32F1xx_HAL_Driver/Src/stm32f1xx_hal_rtc.o