../Core/Src/main.c:91:5:main	8	static
../Core/Src/main.c:156:6:SystemClock_Config	96	static
../Core/Src/main.c:203:13:MX_ADC1_Init	24	static
../Core/Src/main.c:248:13:MX_CAN_Init	48	static
../Core/Src/main.c:314:13:MX_RTC_Init	8	static
../Core/Src/main.c:344:13:MX_SPI1_Init	8	static
../Core/Src/main.c:382:13:MX_SPI2_Init	8	static
../Core/Src/main.c:420:13:MX_USART1_UART_Init	8	static
../Core/Src/main.c:451:13:MX_DMA_Init	16	static
../Core/Src/main.c:469:13:MX_GPIO_Init	40	static
../Core/Src/main.c:553:6:Error_Handler	4	static
