../Core/Src/sub.c:19:6:User_Init	16	static
../Core/Src/sub.c:100:6:Main_Loop	8	static
../Core/Src/sub.c:203:6:Ad_Conversion	32	static
../Core/Src/sub.c:291:6:Read_CellData	48	static
../Core/Src/sub.c:344:6:Read_TempData	16	static
../Core/Src/sub.c:378:6:Cell_Balancing	24	static
../Core/Src/sub.c:444:6:CAN_Celldata_Assign	8	static
../Core/Src/sub.c:542:6:CAN_Send_Process	8	static
../Core/Src/sub.c:606:6:CAN_Tx_Process	24	static
../Core/Src/sub.c:629:6:CAN_Timeout	16	static
../Core/Src/sub.c:652:6:Shutdown_Process	4	static
../Core/Src/sub.c:662:6:PwrOff_Process	4	static
../Core/Src/sub.c:691:6:Relays_Control	16	static
../Core/Src/sub.c:698:6:Calculate_SOC	8	static
../Core/Src/sub.c:710:6:SOC_LED_Process	8	static
../Core/Src/sub.c:720:6:Buzzer_Output	4	static
../Core/Src/sub.c:752:6:AC_ON_LED_Output	4	static
../Core/Src/sub.c:789:9:Vol2Temp	24	static
../Core/Src/sub.c:817:9:Vol2Temp_5k	24	static
../Core/Src/sub.c:843:10:Get_OCV_SOC	24	static
../Core/Src/sub.c:901:9:spi_read_byte	32	static
../Core/Src/sub.c:913:6:spi_write_array	16	static
../Core/Src/sub.c:921:6:spi_write_read	24	static
../Core/Src/sub.c:934:6:SPI2_CS	16	static
../Core/Src/sub.c:942:6:Uart1Transmit	16	static
../Core/Src/sub.c:947:6:Uart1Receive	8	static
../Core/Src/sub.c:955:6:ErrorHandler	96	static
